Archive member included to satisfy reference by file (symbol)

F:/STM32CubeIDE_1.13.1/STM32CubeIDE/plugins/com.st.stm32cube.ide.mcu.externaltools.gnu-tools-for-stm32.11.3.rel1.win32_1.1.0.202305231506/tools/bin/../lib/gcc/arm-none-eabi/11.3.1/../../../../arm-none-eabi/lib/thumb/v7e-m+fp/hard\libc_nano.a(libc_a-exit.o)
                              F:/STM32CubeIDE_1.13.1/STM32CubeIDE/plugins/com.st.stm32cube.ide.mcu.externaltools.gnu-tools-for-stm32.11.3.rel1.win32_1.1.0.202305231506/tools/bin/../lib/gcc/arm-none-eabi/11.3.1/../../../../arm-none-eabi/lib/thumb/v7e-m+fp/hard/crt0.o (exit)
F:/STM32CubeIDE_1.13.1/STM32CubeIDE/plugins/com.st.stm32cube.ide.mcu.externaltools.gnu-tools-for-stm32.11.3.rel1.win32_1.1.0.202305231506/tools/bin/../lib/gcc/arm-none-eabi/11.3.1/../../../../arm-none-eabi/lib/thumb/v7e-m+fp/hard\libc_nano.a(libc_a-findfp.o)
                              F:/STM32CubeIDE_1.13.1/STM32CubeIDE/plugins/com.st.stm32cube.ide.mcu.externaltools.gnu-tools-for-stm32.11.3.rel1.win32_1.1.0.202305231506/tools/bin/../lib/gcc/arm-none-eabi/11.3.1/../../../../arm-none-eabi/lib/thumb/v7e-m+fp/hard\libc_nano.a(libc_a-exit.o) (__stdio_exit_handler)
F:/STM32CubeIDE_1.13.1/STM32CubeIDE/plugins/com.st.stm32cube.ide.mcu.externaltools.gnu-tools-for-stm32.11.3.rel1.win32_1.1.0.202305231506/tools/bin/../lib/gcc/arm-none-eabi/11.3.1/../../../../arm-none-eabi/lib/thumb/v7e-m+fp/hard\libc_nano.a(libc_a-fwalk.o)
                              F:/STM32CubeIDE_1.13.1/STM32CubeIDE/plugins/com.st.stm32cube.ide.mcu.externaltools.gnu-tools-for-stm32.11.3.rel1.win32_1.1.0.202305231506/tools/bin/../lib/gcc/arm-none-eabi/11.3.1/../../../../arm-none-eabi/lib/thumb/v7e-m+fp/hard\libc_nano.a(libc_a-findfp.o) (_fwalk_sglue)
F:/STM32CubeIDE_1.13.1/STM32CubeIDE/plugins/com.st.stm32cube.ide.mcu.externaltools.gnu-tools-for-stm32.11.3.rel1.win32_1.1.0.202305231506/tools/bin/../lib/gcc/arm-none-eabi/11.3.1/../../../../arm-none-eabi/lib/thumb/v7e-m+fp/hard\libc_nano.a(libc_a-stdio.o)
                              F:/STM32CubeIDE_1.13.1/STM32CubeIDE/plugins/com.st.stm32cube.ide.mcu.externaltools.gnu-tools-for-stm32.11.3.rel1.win32_1.1.0.202305231506/tools/bin/../lib/gcc/arm-none-eabi/11.3.1/../../../../arm-none-eabi/lib/thumb/v7e-m+fp/hard\libc_nano.a(libc_a-findfp.o) (__sread)
F:/STM32CubeIDE_1.13.1/STM32CubeIDE/plugins/com.st.stm32cube.ide.mcu.externaltools.gnu-tools-for-stm32.11.3.rel1.win32_1.1.0.202305231506/tools/bin/../lib/gcc/arm-none-eabi/11.3.1/../../../../arm-none-eabi/lib/thumb/v7e-m+fp/hard\libc_nano.a(libc_a-memcmp.o)
                              ./ThirdParty/SEGGER/OS/SEGGER_SYSVIEW_FreeRTOS.o (memcmp)
F:/STM32CubeIDE_1.13.1/STM32CubeIDE/plugins/com.st.stm32cube.ide.mcu.externaltools.gnu-tools-for-stm32.11.3.rel1.win32_1.1.0.202305231506/tools/bin/../lib/gcc/arm-none-eabi/11.3.1/../../../../arm-none-eabi/lib/thumb/v7e-m+fp/hard\libc_nano.a(libc_a-memset.o)
                              F:/STM32CubeIDE_1.13.1/STM32CubeIDE/plugins/com.st.stm32cube.ide.mcu.externaltools.gnu-tools-for-stm32.11.3.rel1.win32_1.1.0.202305231506/tools/bin/../lib/gcc/arm-none-eabi/11.3.1/../../../../arm-none-eabi/lib/thumb/v7e-m+fp/hard/crt0.o (memset)
F:/STM32CubeIDE_1.13.1/STM32CubeIDE/plugins/com.st.stm32cube.ide.mcu.externaltools.gnu-tools-for-stm32.11.3.rel1.win32_1.1.0.202305231506/tools/bin/../lib/gcc/arm-none-eabi/11.3.1/../../../../arm-none-eabi/lib/thumb/v7e-m+fp/hard\libc_nano.a(libc_a-closer.o)
                              F:/STM32CubeIDE_1.13.1/STM32CubeIDE/plugins/com.st.stm32cube.ide.mcu.externaltools.gnu-tools-for-stm32.11.3.rel1.win32_1.1.0.202305231506/tools/bin/../lib/gcc/arm-none-eabi/11.3.1/../../../../arm-none-eabi/lib/thumb/v7e-m+fp/hard\libc_nano.a(libc_a-stdio.o) (_close_r)
F:/STM32CubeIDE_1.13.1/STM32CubeIDE/plugins/com.st.stm32cube.ide.mcu.externaltools.gnu-tools-for-stm32.11.3.rel1.win32_1.1.0.202305231506/tools/bin/../lib/gcc/arm-none-eabi/11.3.1/../../../../arm-none-eabi/lib/thumb/v7e-m+fp/hard\libc_nano.a(libc_a-reent.o)
                              F:/STM32CubeIDE_1.13.1/STM32CubeIDE/plugins/com.st.stm32cube.ide.mcu.externaltools.gnu-tools-for-stm32.11.3.rel1.win32_1.1.0.202305231506/tools/bin/../lib/gcc/arm-none-eabi/11.3.1/../../../../arm-none-eabi/lib/thumb/v7e-m+fp/hard\libc_nano.a(libc_a-closer.o) (errno)
F:/STM32CubeIDE_1.13.1/STM32CubeIDE/plugins/com.st.stm32cube.ide.mcu.externaltools.gnu-tools-for-stm32.11.3.rel1.win32_1.1.0.202305231506/tools/bin/../lib/gcc/arm-none-eabi/11.3.1/../../../../arm-none-eabi/lib/thumb/v7e-m+fp/hard\libc_nano.a(libc_a-impure.o)
                              F:/STM32CubeIDE_1.13.1/STM32CubeIDE/plugins/com.st.stm32cube.ide.mcu.externaltools.gnu-tools-for-stm32.11.3.rel1.win32_1.1.0.202305231506/tools/bin/../lib/gcc/arm-none-eabi/11.3.1/../../../../arm-none-eabi/lib/thumb/v7e-m+fp/hard\libc_nano.a(libc_a-reent.o) (_impure_ptr)
[...]
Memory Configuration

Name             Origin             Length             Attributes
RAM              0x0000000020000000 0x0000000000020000 xrw
FLASH            0x0000000008000000 0x0000000000080000 xr
*default*        0x0000000000000000 0xffffffffffffffff

Linker script and memory map

LOAD F:/STM32CubeIDE_1.13.1/STM32CubeIDE/plugins/com.st.stm32cube.ide.mcu.externaltools.gnu-tools-for-stm32.11.3.rel1.win32_1.1.0.202305231506/tools/bin/../lib/gcc/arm-none-eabi/11.3.1/thumb/v7e-m+fp/hard/crti.o
LOAD F:/STM32CubeIDE_1.13.1/STM32CubeIDE/plugins/com.st.stm32cube.ide.mcu.externaltools.gnu-tools-for-stm32.11.3.rel1.win32_1.1.0.202305231506/tools/bin/../lib/gcc/arm-none-eabi/11.3.1/thumb/v7e-m+fp/hard/crtbegin.o
LOAD F:/STM32CubeIDE_1.13.1/STM32CubeIDE/plugins/com.st.stm32cube.ide.mcu.externaltools.gnu-tools-for-stm32.11.3.rel1.win32_1.1.0.202305231506/tools/bin/../lib/gcc/arm-none-eabi/11.3.1/../../../../arm-none-eabi/lib/thumb/v7e-m+fp/hard/crt0.o
LOAD ./Core/Src/main.o
LOAD ./Core/Src/stm32g4xx_hal_msp.o
LOAD ./Core/Src/stm32g4xx_hal_timebase_tim.o
LOAD ./Core/Src/stm32g4xx_it.o
LOAD ./Core/Src/syscalls.o
LOAD ./Core/Src/system_stm32g4xx.o
LOAD ./Core/Startup/startup_stm32g474retx.o
LOAD ./Drivers/STM32G4xx_HAL_Driver/Src/stm32g4xx_hal.o
LOAD ./Drivers/STM32G4xx_HAL_Driver/Src/stm32g4xx_hal_cortex.o
LOAD ./Drivers/STM32G4xx_HAL_Driver/Src/stm32g4xx_hal_dma.o
LOAD ./Drivers/STM32G4xx_HAL_Driver/Src/stm32g4xx_hal_dma_ex.o
LOAD ./Drivers/STM32G4xx_HAL_Driver/Src/stm32g4xx_hal_exti.o
LOAD ./Drivers/STM32G4xx_HAL_Driver/Src/stm32g4xx_hal_flash.o
LOAD ./Drivers/STM32G4xx_HAL_Driver/Src/stm32g4xx_hal_flash_ex.o
LOAD ./Drivers/STM32G4xx_HAL_Driver/Src/stm32g4xx_hal_flash_ramfunc.o
LOAD ./Drivers/STM32G4xx_HAL_Driver/Src/stm32g4xx_hal_gpio.o
LOAD ./Drivers/STM32G4xx_HAL_Driver/Src/stm32g4xx_hal_pwr.o
LOAD ./Drivers/STM32G4xx_HAL_Driver/Src/stm32g4xx_hal_pwr_ex.o
LOAD ./Drivers/STM32G4xx_HAL_Driver/Src/stm32g4xx_hal_rcc.o
LOAD ./Drivers/STM32G4xx_HAL_Driver/Src/stm32g4xx_hal_rcc_ex.o
LOAD ./Drivers/STM32G4xx_HAL_Driver/Src/stm32g4xx_hal_tim.o
LOAD ./Drivers/STM32G4xx_HAL_Driver/Src/stm32g4xx_hal_tim_ex.o
LOAD ./ThirdParty/FreeRTOS/croutine.o
LOAD ./ThirdParty/FreeRTOS/event_groups.o
LOAD ./ThirdParty/FreeRTOS/list.o
LOAD ./ThirdParty/FreeRTOS/queue.o
LOAD ./ThirdParty/FreeRTOS/stream_buffer.o
LOAD ./ThirdParty/FreeRTOS/tasks.o
LOAD ./ThirdParty/FreeRTOS/timers.o
LOAD ./ThirdParty/FreeRTOS/portable/GCC/ARM_CM4F/port.o
LOAD ./ThirdParty/FreeRTOS/portable/MemMang/heap_4.o
LOAD ./ThirdParty/SEGGER/Config/SEGGER_SYSVIEW_Config_FreeRTOS.o
LOAD ./ThirdParty/SEGGER/OS/SEGGER_SYSVIEW_FreeRTOS.o
LOAD ./ThirdParty/SEGGER/SEGGER/SEGGER_RTT.o
LOAD ./ThirdParty/SEGGER/SEGGER/SEGGER_RTT_ASM_ARMv7M.o
LOAD ./ThirdParty/SEGGER/SEGGER/SEGGER_RTT_printf.o
LOAD ./ThirdParty/SEGGER/SEGGER/SEGGER_SYSVIEW.o
LOAD ./ThirdParty/SEGGER/SEGGER/Syscalls/SEGGER_RTT_Syscalls_GCC.o
START GROUP
LOAD F:/STM32CubeIDE_1.13.1/STM32CubeIDE/plugins/com.st.stm32cube.ide.mcu.externaltools.gnu-tools-for-stm32.11.3.rel1.win32_1.1.0.202305231506/tools/bin/../lib/gcc/arm-none-eabi/11.3.1/../../../../arm-none-eabi/lib/thumb/v7e-m+fp/hard\libc_nano.a
LOAD F:/STM32CubeIDE_1.13.1/STM32CubeIDE/plugins/com.st.stm32cube.ide.mcu.externaltools.gnu-tools-for-stm32.11.3.rel1.win32_1.1.0.202305231506/tools/bin/../lib/gcc/arm-none-eabi/11.3.1/../../../../arm-none-eabi/lib/thumb/v7e-m+fp/hard\libm.a
END GROUP
START GROUP
LOAD F:/STM32CubeIDE_1.13.1/STM32CubeIDE/plugins/com.st.stm32cube.ide.mcu.externaltools.gnu-tools-for-stm32.11.3.rel1.win32_1.1.0.202305231506/tools/bin/../lib/gcc/arm-none-eabi/11.3.1/thumb/v7e-m+fp/hard\libgcc.a
LOAD F:/STM32CubeIDE_1.13.1/STM32CubeIDE/plugins/com.st.stm32cube.ide.mcu.externaltools.gnu-tools-for-stm32.11.3.rel1.win32_1.1.0.202305231506/tools/bin/../lib/gcc/arm-none-eabi/11.3.1/../../../../arm-none-eabi/lib/thumb/v7e-m+fp/hard\libc_nano.a
END GROUP
START GROUP
LOAD F:/STM32CubeIDE_1.13.1/STM32CubeIDE/plugins/com.st.stm32cube.ide.mcu.externaltools.gnu-tools-for-stm32.11.3.rel1.win32_1.1.0.202305231506/tools/bin/../lib/gcc/arm-none-eabi/11.3.1/thumb/v7e-m+fp/hard\libgcc.a
LOAD F:/STM32CubeIDE_1.13.1/STM32CubeIDE/plugins/com.st.stm32cube.ide.mcu.externaltools.gnu-tools-for-stm32.11.3.rel1.win32_1.1.0.202305231506/tools/bin/../lib/gcc/arm-none-eabi/11.3.1/../../../../arm-none-eabi/lib/thumb/v7e-m+fp/hard\libc_nano.a
LOAD F:/STM32CubeIDE_1.13.1/STM32CubeIDE/plugins/com.st.stm32cube.ide.mcu.externaltools.gnu-tools-for-stm32.11.3.rel1.win32_1.1.0.202305231506/tools/bin/../lib/gcc/arm-none-eabi/11.3.1/../../../../arm-none-eabi/lib/thumb/v7e-m+fp/hard\libnosys.a
END GROUP
START GROUP
LOAD F:/STM32CubeIDE_1.13.1/STM32CubeIDE/plugins/com.st.stm32cube.ide.mcu.externaltools.gnu-tools-for-stm32.11.3.rel1.win32_1.1.0.202305231506/tools/bin/../lib/gcc/arm-none-eabi/11.3.1/thumb/v7e-m+fp/hard\libgcc.a
LOAD F:/STM32CubeIDE_1.13.1/STM32CubeIDE/plugins/com.st.stm32cube.ide.mcu.externaltools.gnu-tools-for-stm32.11.3.rel1.win32_1.1.0.202305231506/tools/bin/../lib/gcc/arm-none-eabi/11.3.1/../../../../arm-none-eabi/lib/thumb/v7e-m+fp/hard\libc_nano.a
LOAD F:/STM32CubeIDE_1.13.1/STM32CubeIDE/plugins/com.st.stm32cube.ide.mcu.externaltools.gnu-tools-for-stm32.11.3.rel1.win32_1.1.0.202305231506/tools/bin/../lib/gcc/arm-none-eabi/11.3.1/../../../../arm-none-eabi/lib/thumb/v7e-m+fp/hard\libnosys.a
END GROUP
LOAD F:/STM32CubeIDE_1.13.1/STM32CubeIDE/plugins/com.st.stm32cube.ide.mcu.externaltools.gnu-tools-for-stm32.11.3.rel1.win32_1.1.0.202305231506/tools/bin/../lib/gcc/arm-none-eabi/11.3.1/thumb/v7e-m+fp/hard/crtend.o
LOAD F:/STM32CubeIDE_1.13.1/STM32CubeIDE/plugins/com.st.stm32cube.ide.mcu.externaltools.gnu-tools-for-stm32.11.3.rel1.win32_1.1.0.202305231506/tools/bin/../lib/gcc/arm-none-eabi/11.3.1/thumb/v7e-m+fp/hard/crtn.o
                0x0000000020020000                _estack = (ORIGIN (RAM) + LENGTH (RAM))
                0x0000000000000200                _Min_Heap_Size = 0x200
                0x0000000000000400                _Min_Stack_Size = 0x400

.isr_vector     0x0000000008000000      0x1d8
                0x0000000008000000                . = ALIGN (0x4)
 *(.isr_vector)
 .isr_vector    0x0000000008000000      0x1d8 ./Core/Startup/startup_stm32g474retx.o
                0x0000000008000000                g_pfnVectors
                0x00000000080001d8                . = ALIGN (0x4)

.text           0x00000000080001e0     0x53b4
                0x00000000080001e0                . = ALIGN (0x4)
 *(.text)
 .text          0x00000000080001e0       0x40 F:/STM32CubeIDE_1.13.1/STM32CubeIDE/plugins/com.st.stm32cube.ide.mcu.externaltools.gnu-tools-for-stm32.11.3.rel1.win32_1.1.0.202305231506/tools/bin/../lib/gcc/arm-none-eabi/11.3.1/thumb/v7e-m+fp/hard/crtbegin.o
 .text          0x0000000008000220       0x94 ./ThirdParty/SEGGER/SEGGER/SEGGER_RTT_ASM_ARMv7M.o
                0x0000000008000220                SEGGER_RTT_ASM_WriteSkipNoLock
 *(.text*)
 .text.main     0x00000000080002b4       0xe4 ./Core/Src/main.o
                0x00000000080002b4                main
 .text.SystemClock_Config
                0x0000000008000398       0x96 ./Core/Src/main.o
                0x0000000008000398                SystemClock_Config
 *fill*         0x000000000800042e        0x2 
 .text.MX_GPIO_Init
                0x0000000008000430      0x100 ./Core/Src/main.o
 .text.led_green_handler
                0x0000000008000530       0x28 ./Core/Src/main.o
 .text.led_red_handler
                0x0000000008000558       0x28 ./Core/Src/main.o
 .text.led_orange_handler
                0x0000000008000580       0x28 ./Core/Src/main.o
 .text.HAL_TIM_PeriodElapsedCallback
                0x00000000080005a8       0x24 ./Core/Src/main.o
                0x00000000080005a8                HAL_TIM_PeriodElapsedCallback
 .text.Error_Handler
                0x00000000080005cc        0xa ./Core/Src/main.o
                0x00000000080005cc                Error_Handler
 *fill*         0x00000000080005d6        0x2 
 .text.HAL_MspInit
                0x00000000080005d8       0x4c ./Core/Src/stm32g4xx_hal_msp.o
                0x00000000080005d8                HAL_MspInit
 .text.HAL_InitTick
                0x0000000008000624       0xd8 ./Core/Src/stm32g4xx_hal_timebase_tim.o
                0x0000000008000624                HAL_InitTick
 .text.NMI_Handler
                0x00000000080006fc        0x6 ./Core/Src/stm32g4xx_it.o
                0x00000000080006fc                NMI_Handler
 .text.HardFault_Handler
                0x0000000008000702        0x6 ./Core/Src/stm32g4xx_it.o
                0x0000000008000702                HardFault_Handler
 .text.MemManage_Handler
                0x0000000008000708        0x6 ./Core/Src/stm32g4xx_it.o
                0x0000000008000708                MemManage_Handler
 .text.BusFault_Handler
                0x000000000800070e        0x6 ./Core/Src/stm32g4xx_it.o
                0x000000000800070e                BusFault_Handler
 .text.UsageFault_Handler
                0x0000000008000714        0x6 ./Core/Src/stm32g4xx_it.o
                0x0000000008000714                UsageFault_Handler
 .text.DebugMon_Handler
                0x000000000800071a        0xe ./Core/Src/stm32g4xx_it.o
                0x000000000800071a                DebugMon_Handler
 .text.EXTI15_10_IRQHandler
                0x0000000008000728       0x10 ./Core/Src/stm32g4xx_it.o
                0x0000000008000728                EXTI15_10_IRQHandler
 .text.TIM6_DAC_IRQHandler
                0x0000000008000738       0x14 ./Core/Src/stm32g4xx_it.o
                0x0000000008000738                TIM6_DAC_IRQHandler
 .text.SystemInit
                0x000000000800074c       0x24 ./Core/Src/system_stm32g4xx.o
                0x000000000800074c                SystemInit
 .text.Reset_Handler
                0x0000000008000770       0x50 ./Core/Startup/startup_stm32g474retx.o
                0x0000000008000770                Reset_Handler
 .text.Default_Handler
                0x00000000080007c0        0x2 ./Core/Startup/startup_stm32g474retx.o
                0x00000000080007c0                RTC_Alarm_IRQHandler
                0x00000000080007c0                EXTI2_IRQHandler
                0x00000000080007c0                TIM8_TRG_COM_IRQHandler
                0x00000000080007c0                TIM8_CC_IRQHandler
                0x00000000080007c0                HRTIM1_Master_IRQHandler
                0x00000000080007c0                SPI4_IRQHandler
                0x00000000080007c0                FDCAN3_IT0_IRQHandler
                0x00000000080007c0                TIM1_CC_IRQHandler
                0x00000000080007c0                HRTIM1_FLT_IRQHandler
                0x00000000080007c0                HRTIM1_TIMF_IRQHandler
                0x00000000080007c0                USB_HP_IRQHandler
                0x00000000080007c0                CORDIC_IRQHandler
                0x00000000080007c0                HRTIM1_TIMD_IRQHandler
                0x00000000080007c0                DMA2_Channel8_IRQHandler
                0x00000000080007c0                EXTI3_IRQHandler
                0x00000000080007c0                I2C3_ER_IRQHandler
                0x00000000080007c0                EXTI0_IRQHandler
                0x00000000080007c0                I2C2_EV_IRQHandler
                0x00000000080007c0                FPU_IRQHandler
                0x00000000080007c0                FDCAN1_IT1_IRQHandler
                0x00000000080007c0                TIM1_UP_TIM16_IRQHandler
                0x00000000080007c0                ADC1_2_IRQHandler
                0x00000000080007c0                HRTIM1_TIME_IRQHandler
                0x00000000080007c0                SPI1_IRQHandler
                0x00000000080007c0                HRTIM1_TIMC_IRQHandler
                0x00000000080007c0                TIM8_UP_IRQHandler
                0x00000000080007c0                DMA2_Channel2_IRQHandler
                0x00000000080007c0                DMA1_Channel4_IRQHandler
                0x00000000080007c0                TIM20_TRG_COM_IRQHandler
                0x00000000080007c0                USART3_IRQHandler
                0x00000000080007c0                DMA1_Channel7_IRQHandler
                0x00000000080007c0                UART5_IRQHandler
                0x00000000080007c0                ADC3_IRQHandler
                0x00000000080007c0                TIM4_IRQHandler
                0x00000000080007c0                DMA2_Channel1_IRQHandler
                0x00000000080007c0                QUADSPI_IRQHandler
                0x00000000080007c0                I2C1_EV_IRQHandler
                0x00000000080007c0                DMA1_Channel6_IRQHandler
                0x00000000080007c0                UART4_IRQHandler
                0x00000000080007c0                DMA2_Channel4_IRQHandler
                0x00000000080007c0                TIM3_IRQHandler
                0x00000000080007c0                RCC_IRQHandler
                0x00000000080007c0                TIM20_UP_IRQHandler
                0x00000000080007c0                DMA1_Channel1_IRQHandler
                0x00000000080007c0                Default_Handler
                0x00000000080007c0                DMA2_Channel7_IRQHandler
                0x00000000080007c0                RTC_TAMP_LSECSS_IRQHandler
                0x00000000080007c0                FMAC_IRQHandler
                0x00000000080007c0                DMA1_Channel8_IRQHandler
                0x00000000080007c0                HRTIM1_TIMA_IRQHandler
                0x00000000080007c0                TIM7_DAC_IRQHandler
                0x00000000080007c0                FDCAN3_IT1_IRQHandler
                0x00000000080007c0                TIM5_IRQHandler
                0x00000000080007c0                UCPD1_IRQHandler
                0x00000000080007c0                I2C3_EV_IRQHandler
                0x00000000080007c0                EXTI9_5_IRQHandler
                0x00000000080007c0                RTC_WKUP_IRQHandler
                0x00000000080007c0                PVD_PVM_IRQHandler
                0x00000000080007c0                SPI2_IRQHandler
                0x00000000080007c0                ADC5_IRQHandler
                0x00000000080007c0                DMA2_Channel5_IRQHandler
                0x00000000080007c0                CRS_IRQHandler
                0x00000000080007c0                DMA1_Channel5_IRQHandler
                0x00000000080007c0                USB_LP_IRQHandler
                0x00000000080007c0                EXTI4_IRQHandler
                0x00000000080007c0                RNG_IRQHandler
                0x00000000080007c0                HRTIM1_TIMB_IRQHandler
                0x00000000080007c0                TIM1_TRG_COM_TIM17_IRQHandler
                0x00000000080007c0                FDCAN2_IT1_IRQHandler
                0x00000000080007c0                DMA1_Channel3_IRQHandler
                0x00000000080007c0                ADC4_IRQHandler
                0x00000000080007c0                WWDG_IRQHandler
                0x00000000080007c0                I2C4_EV_IRQHandler
                0x00000000080007c0                FDCAN2_IT0_IRQHandler
                0x00000000080007c0                LPUART1_IRQHandler
                0x00000000080007c0                DMA2_Channel6_IRQHandler
                0x00000000080007c0                FDCAN1_IT0_IRQHandler
                0x00000000080007c0                TIM2_IRQHandler
                0x00000000080007c0                COMP7_IRQHandler
                0x00000000080007c0                COMP1_2_3_IRQHandler
                0x00000000080007c0                EXTI1_IRQHandler
                0x00000000080007c0                USART2_IRQHandler
                0x00000000080007c0                COMP4_5_6_IRQHandler
                0x00000000080007c0                TIM20_BRK_IRQHandler
                0x00000000080007c0                I2C2_ER_IRQHandler
                0x00000000080007c0                DMA1_Channel2_IRQHandler
                0x00000000080007c0                TIM8_BRK_IRQHandler
                0x00000000080007c0                FLASH_IRQHandler
                0x00000000080007c0                TIM20_CC_IRQHandler
                0x00000000080007c0                USART1_IRQHandler
                0x00000000080007c0                SPI3_IRQHandler
                0x00000000080007c0                I2C1_ER_IRQHandler
                0x00000000080007c0                FMC_IRQHandler
                0x00000000080007c0                LPTIM1_IRQHandler
                0x00000000080007c0                DMAMUX_OVR_IRQHandler
                0x00000000080007c0                I2C4_ER_IRQHandler
                0x00000000080007c0                USBWakeUp_IRQHandler
                0x00000000080007c0                SAI1_IRQHandler
                0x00000000080007c0                DMA2_Channel3_IRQHandler
                0x00000000080007c0                TIM1_BRK_TIM15_IRQHandler
 .text.HAL_Init
                0x00000000080007c2       0x30 ./Drivers/STM32G4xx_HAL_Driver/Src/stm32g4xx_hal.o
                0x00000000080007c2                HAL_Init
 *fill*         0x00000000080007f2        0x2 
 .text.HAL_IncTick
                0x00000000080007f4       0x24 ./Drivers/STM32G4xx_HAL_Driver/Src/stm32g4xx_hal.o
                0x00000000080007f4                HAL_IncTick
 .text.HAL_GetTick
                0x0000000008000818       0x18 ./Drivers/STM32G4xx_HAL_Driver/Src/stm32g4xx_hal.o
                0x0000000008000818                HAL_GetTick
 .text.__NVIC_SetPriorityGrouping
                0x0000000008000830       0x48 ./Drivers/STM32G4xx_HAL_Driver/Src/stm32g4xx_hal_cortex.o
 .text.__NVIC_GetPriorityGrouping
                0x0000000008000878       0x1c ./Drivers/STM32G4xx_HAL_Driver/Src/stm32g4xx_hal_cortex.o
 .text.__NVIC_EnableIRQ
                0x0000000008000894       0x3c ./Drivers/STM32G4xx_HAL_Driver/Src/stm32g4xx_hal_cortex.o
 .text.__NVIC_SetPriority
                0x00000000080008d0       0x54 ./Drivers/STM32G4xx_HAL_Driver/Src/stm32g4xx_hal_cortex.o
 .text.NVIC_EncodePriority
                0x0000000008000924       0x66 ./Drivers/STM32G4xx_HAL_Driver/Src/stm32g4xx_hal_cortex.o
 .text.HAL_NVIC_SetPriorityGrouping
                0x000000000800098a       0x16 ./Drivers/STM32G4xx_HAL_Driver/Src/stm32g4xx_hal_cortex.o
                0x000000000800098a                HAL_NVIC_SetPriorityGrouping
 .text.HAL_NVIC_SetPriority
                0x00000000080009a0       0x34 ./Drivers/STM32G4xx_HAL_Driver/Src/stm32g4xx_hal_cortex.o
                0x00000000080009a0                HAL_NVIC_SetPriority
 .text.HAL_NVIC_EnableIRQ
                0x00000000080009d4       0x1c ./Drivers/STM32G4xx_HAL_Driver/Src/stm32g4xx_hal_cortex.o
                0x00000000080009d4                HAL_NVIC_EnableIRQ
 .text.HAL_GPIO_Init
                0x00000000080009f0      0x304 ./Drivers/STM32G4xx_HAL_Driver/Src/stm32g4xx_hal_gpio.o
                0x00000000080009f0                HAL_GPIO_Init
 .text.HAL_GPIO_WritePin
                0x0000000008000cf4       0x30 ./Drivers/STM32G4xx_HAL_Driver/Src/stm32g4xx_hal_gpio.o
                0x0000000008000cf4                HAL_GPIO_WritePin
 .text.HAL_GPIO_EXTI_IRQHandler
                0x0000000008000d24       0x30 ./Drivers/STM32G4xx_HAL_Driver/Src/stm32g4xx_hal_gpio.o
                0x0000000008000d24                HAL_GPIO_EXTI_IRQHandler
 .text.HAL_GPIO_EXTI_Callback
                0x0000000008000d54       0x16 ./Drivers/STM32G4xx_HAL_Driver/Src/stm32g4xx_hal_gpio.o
                0x0000000008000d54                HAL_GPIO_EXTI_Callback
 *fill*         0x0000000008000d6a        0x2 
 .text.HAL_PWREx_ControlVoltageScaling
                0x0000000008000d6c      0x148 ./Drivers/STM32G4xx_HAL_Driver/Src/stm32g4xx_hal_pwr_ex.o
                0x0000000008000d6c                HAL_PWREx_ControlVoltageScaling
 .text.HAL_PWREx_DisableUCPDDeadBattery
                0x0000000008000eb4       0x20 ./Drivers/STM32G4xx_HAL_Driver/Src/stm32g4xx_hal_pwr_ex.o
                0x0000000008000eb4                HAL_PWREx_DisableUCPDDeadBattery
 .text.HAL_RCC_OscConfig
                0x0000000008000ed4      0x630 ./Drivers/STM32G4xx_HAL_Driver/Src/stm32g4xx_hal_rcc.o
                0x0000000008000ed4                HAL_RCC_OscConfig
 .text.HAL_RCC_ClockConfig
                0x0000000008001504      0x278 ./Drivers/STM32G4xx_HAL_Driver/Src/stm32g4xx_hal_rcc.o
                0x0000000008001504                HAL_RCC_ClockConfig
 .text.HAL_RCC_GetSysClockFreq
                0x000000000800177c       0xc4 ./Drivers/STM32G4xx_HAL_Driver/Src/stm32g4xx_hal_rcc.o
                0x000000000800177c                HAL_RCC_GetSysClockFreq
 .text.HAL_RCC_GetHCLKFreq
                0x0000000008001840       0x18 ./Drivers/STM32G4xx_HAL_Driver/Src/stm32g4xx_hal_rcc.o
                0x0000000008001840                HAL_RCC_GetHCLKFreq
 .text.HAL_RCC_GetPCLK1Freq
                0x0000000008001858       0x2c ./Drivers/STM32G4xx_HAL_Driver/Src/stm32g4xx_hal_rcc.o
                0x0000000008001858                HAL_RCC_GetPCLK1Freq
 .text.HAL_RCC_GetClockConfig
                0x0000000008001884       0x64 ./Drivers/STM32G4xx_HAL_Driver/Src/stm32g4xx_hal_rcc.o
                0x0000000008001884                HAL_RCC_GetClockConfig
 .text.RCC_GetSysClockFreqFromPLLSource
                0x00000000080018e8       0x8c ./Drivers/STM32G4xx_HAL_Driver/Src/stm32g4xx_hal_rcc.o
 .text.HAL_TIM_Base_Init
                0x0000000008001974       0xae ./Drivers/STM32G4xx_HAL_Driver/Src/stm32g4xx_hal_tim.o
                0x0000000008001974                HAL_TIM_Base_Init
 .text.HAL_TIM_Base_MspInit
                0x0000000008001a22       0x14 ./Drivers/STM32G4xx_HAL_Driver/Src/stm32g4xx_hal_tim.o
                0x0000000008001a22                HAL_TIM_Base_MspInit
 *fill*         0x0000000008001a36        0x2 
 .text.HAL_TIM_Base_Start_IT
                0x0000000008001a38       0xf0 ./Drivers/STM32G4xx_HAL_Driver/Src/stm32g4xx_hal_tim.o
                0x0000000008001a38                HAL_TIM_Base_Start_IT
 .text.HAL_TIM_IRQHandler
                0x0000000008001b28      0x2fe ./Drivers/STM32G4xx_HAL_Driver/Src/stm32g4xx_hal_tim.o
                0x0000000008001b28                HAL_TIM_IRQHandler
 .text.HAL_TIM_OC_DelayElapsedCallback
                0x0000000008001e26       0x14 ./Drivers/STM32G4xx_HAL_Driver/Src/stm32g4xx_hal_tim.o
                0x0000000008001e26                HAL_TIM_OC_DelayElapsedCallback
 .text.HAL_TIM_IC_CaptureCallback
                0x0000000008001e3a       0x14 ./Drivers/STM32G4xx_HAL_Driver/Src/stm32g4xx_hal_tim.o
                0x0000000008001e3a                HAL_TIM_IC_CaptureCallback
 .text.HAL_TIM_PWM_PulseFinishedCallback
                0x0000000008001e4e       0x14 ./Drivers/STM32G4xx_HAL_Driver/Src/stm32g4xx_hal_tim.o
                0x0000000008001e4e                HAL_TIM_PWM_PulseFinishedCallback
 .text.HAL_TIM_TriggerCallback
                0x0000000008001e62       0x14 ./Drivers/STM32G4xx_HAL_Driver/Src/stm32g4xx_hal_tim.o
                0x0000000008001e62                HAL_TIM_TriggerCallback
 *fill*         0x0000000008001e76        0x2 
 .text.TIM_Base_SetConfig
                0x0000000008001e78      0x150 ./Drivers/STM32G4xx_HAL_Driver/Src/stm32g4xx_hal_tim.o
                0x0000000008001e78                TIM_Base_SetConfig
 .text.HAL_TIMEx_CommutCallback
                0x0000000008001fc8       0x14 ./Drivers/STM32G4xx_HAL_Driver/Src/stm32g4xx_hal_tim_ex.o
                0x0000000008001fc8                HAL_TIMEx_CommutCallback
 .text.HAL_TIMEx_BreakCallback
                0x0000000008001fdc       0x14 ./Drivers/STM32G4xx_HAL_Driver/Src/stm32g4xx_hal_tim_ex.o
                0x0000000008001fdc                HAL_TIMEx_BreakCallback
 .text.HAL_TIMEx_Break2Callback
                0x0000000008001ff0       0x14 ./Drivers/STM32G4xx_HAL_Driver/Src/stm32g4xx_hal_tim_ex.o
                0x0000000008001ff0                HAL_TIMEx_Break2Callback
 .text.HAL_TIMEx_EncoderIndexCallback
                0x0000000008002004       0x14 ./Drivers/STM32G4xx_HAL_Driver/Src/stm32g4xx_hal_tim_ex.o
                0x0000000008002004                HAL_TIMEx_EncoderIndexCallback
 .text.HAL_TIMEx_DirectionChangeCallback
                0x0000000008002018       0x14 ./Drivers/STM32G4xx_HAL_Driver/Src/stm32g4xx_hal_tim_ex.o
                0x0000000008002018                HAL_TIMEx_DirectionChangeCallback
 .text.HAL_TIMEx_IndexErrorCallback
                0x000000000800202c       0x14 ./Drivers/STM32G4xx_HAL_Driver/Src/stm32g4xx_hal_tim_ex.o
                0x000000000800202c                HAL_TIMEx_IndexErrorCallback
 .text.HAL_TIMEx_TransitionErrorCallback
                0x0000000008002040       0x14 ./Drivers/STM32G4xx_HAL_Driver/Src/stm32g4xx_hal_tim_ex.o
                0x0000000008002040                HAL_TIMEx_TransitionErrorCallback
 .text.vListInitialise
                0x0000000008002054       0x40 ./ThirdParty/FreeRTOS/list.o
                0x0000000008002054                vListInitialise
 .text.vListInitialiseItem
                0x0000000008002094       0x1a ./ThirdParty/FreeRTOS/list.o
                0x0000000008002094                vListInitialiseItem
 .text.vListInsertEnd
                0x00000000080020ae       0x48 ./ThirdParty/FreeRTOS/list.o
                0x00000000080020ae                vListInsertEnd
 .text.vListInsert
                0x00000000080020f6       0x72 ./ThirdParty/FreeRTOS/list.o
                0x00000000080020f6                vListInsert
 .text.uxListRemove
                0x0000000008002168       0x54 ./ThirdParty/FreeRTOS/list.o
                0x0000000008002168                uxListRemove
 .text.xTaskCreate
                0x00000000080021bc       0x82 ./ThirdParty/FreeRTOS/tasks.o
                0x00000000080021bc                xTaskCreate
 .text.prvInitialiseNewTask
                0x000000000800223e      0x12c ./ThirdParty/FreeRTOS/tasks.o
 *fill*         0x000000000800236a        0x2 
 .text.prvAddNewTaskToReadyList
                0x000000000800236c       0xfc ./ThirdParty/FreeRTOS/tasks.o
 .text.xTaskDelayUntil
                0x0000000008002468      0x104 ./ThirdParty/FreeRTOS/tasks.o
                0x0000000008002468                xTaskDelayUntil
 .text.vTaskStartScheduler
                0x000000000800256c       0xb8 ./ThirdParty/FreeRTOS/tasks.o
                0x000000000800256c                vTaskStartScheduler
 .text.vTaskSuspendAll
                0x0000000008002624       0x1c ./ThirdParty/FreeRTOS/tasks.o
                0x0000000008002624                vTaskSuspendAll
 .text.xTaskResumeAll
                0x0000000008002640      0x124 ./ThirdParty/FreeRTOS/tasks.o
                0x0000000008002640                xTaskResumeAll
 .text.xTaskGetTickCount
                0x0000000008002764       0x20 ./ThirdParty/FreeRTOS/tasks.o
                0x0000000008002764                xTaskGetTickCount
 .text.xTaskGetTickCountFromISR
                0x0000000008002784       0x24 ./ThirdParty/FreeRTOS/tasks.o
                0x0000000008002784                xTaskGetTickCountFromISR
 .text.xTaskIncrementTick
                0x00000000080027a8      0x134 ./ThirdParty/FreeRTOS/tasks.o
                0x00000000080027a8                xTaskIncrementTick
 .text.vTaskSwitchContext
                0x00000000080028dc       0xd4 ./ThirdParty/FreeRTOS/tasks.o
                0x00000000080028dc                vTaskSwitchContext
 .text.prvIdleTask
                0x00000000080029b0       0x24 ./ThirdParty/FreeRTOS/tasks.o
 .text.prvInitialiseTaskLists
                0x00000000080029d4       0x80 ./ThirdParty/FreeRTOS/tasks.o
 .text.prvCheckTasksWaitingTermination
                0x0000000008002a54       0x5c ./ThirdParty/FreeRTOS/tasks.o
 .text.prvDeleteTCB
                0x0000000008002ab0       0x20 ./ThirdParty/FreeRTOS/tasks.o
 .text.prvResetNextTaskUnblockTime
                0x0000000008002ad0       0x38 ./ThirdParty/FreeRTOS/tasks.o
 .text.prvAddCurrentTaskToDelayedList
                0x0000000008002b08       0xf0 ./ThirdParty/FreeRTOS/tasks.o
 .text.pxPortInitialiseStack
                0x0000000008002bf8       0x68 ./ThirdParty/FreeRTOS/portable/GCC/ARM_CM4F/port.o
                0x0000000008002bf8                pxPortInitialiseStack
 .text.prvTaskExitError
                0x0000000008002c60       0x58 ./ThirdParty/FreeRTOS/portable/GCC/ARM_CM4F/port.o
 *fill*         0x0000000008002cb8        0x8 
 .text.SVC_Handler
                0x0000000008002cc0       0x28 ./ThirdParty/FreeRTOS/portable/GCC/ARM_CM4F/port.o
                0x0000000008002cc0                SVC_Handler
 .text.prvPortStartFirstTask
                0x0000000008002ce8       0x2c ./ThirdParty/FreeRTOS/portable/GCC/ARM_CM4F/port.o
 .text.xPortStartScheduler
                0x0000000008002d14      0x144 ./ThirdParty/FreeRTOS/portable/GCC/ARM_CM4F/port.o
                0x0000000008002d14                xPortStartScheduler
 .text.vInitPrioGroupValue
                0x0000000008002e58       0xfc ./ThirdParty/FreeRTOS/portable/GCC/ARM_CM4F/port.o
                0x0000000008002e58                vInitPrioGroupValue
 .text.vPortEnterCritical
                0x0000000008002f54       0x60 ./ThirdParty/FreeRTOS/portable/GCC/ARM_CM4F/port.o
                0x0000000008002f54                vPortEnterCritical
 .text.vPortExitCritical
                0x0000000008002fb4       0x54 ./ThirdParty/FreeRTOS/portable/GCC/ARM_CM4F/port.o
                0x0000000008002fb4                vPortExitCritical
 *fill*         0x0000000008003008        0x8 
 .text.PendSV_Handler
                0x0000000008003010       0x68 ./ThirdParty/FreeRTOS/portable/GCC/ARM_CM4F/port.o
                0x0000000008003010                PendSV_Handler
 .text.SysTick_Handler
                0x0000000008003078       0x54 ./ThirdParty/FreeRTOS/portable/GCC/ARM_CM4F/port.o
                0x0000000008003078                SysTick_Handler
 .text.vPortSetupTimerInterrupt
                0x00000000080030cc       0x48 ./ThirdParty/FreeRTOS/portable/GCC/ARM_CM4F/port.o
                0x00000000080030cc                vPortSetupTimerInterrupt
 .text.vPortEnableVFP
                0x0000000008003114       0x18 ./ThirdParty/FreeRTOS/portable/GCC/ARM_CM4F/port.o
 .text.vPortValidateInterruptPriority
                0x000000000800312c       0x80 ./ThirdParty/FreeRTOS/portable/GCC/ARM_CM4F/port.o
                0x000000000800312c                vPortValidateInterruptPriority
 .text.pvPortMalloc
                0x00000000080031ac      0x1c0 ./ThirdParty/FreeRTOS/portable/MemMang/heap_4.o
                0x00000000080031ac                pvPortMalloc
 .text.vPortFree
                0x000000000800336c       0xc4 ./ThirdParty/FreeRTOS/portable/MemMang/heap_4.o
                0x000000000800336c                vPortFree
 .text.prvHeapInit
                0x0000000008003430       0xc4 ./ThirdParty/FreeRTOS/portable/MemMang/heap_4.o
 .text.prvInsertBlockIntoFreeList
                0x00000000080034f4       0xb4 ./ThirdParty/FreeRTOS/portable/MemMang/heap_4.o
 .text._cbSendSystemDesc
                0x00000000080035a8       0x1c ./ThirdParty/SEGGER/Config/SEGGER_SYSVIEW_Config_FreeRTOS.o
 .text.SEGGER_SYSVIEW_Conf
                0x00000000080035c4       0x2c ./ThirdParty/SEGGER/Config/SEGGER_SYSVIEW_Config_FreeRTOS.o
                0x00000000080035c4                SEGGER_SYSVIEW_Conf
 .text._cbSendTaskList
                0x00000000080035f0       0x90 ./ThirdParty/SEGGER/OS/SEGGER_SYSVIEW_FreeRTOS.o
 .text._cbGetTime
                0x0000000008003680       0x86 ./ThirdParty/SEGGER/OS/SEGGER_SYSVIEW_FreeRTOS.o
 *fill*         0x0000000008003706        0x2 
 .text.SYSVIEW_AddTask
                0x0000000008003708       0xd0 ./ThirdParty/SEGGER/OS/SEGGER_SYSVIEW_FreeRTOS.o
                0x0000000008003708                SYSVIEW_AddTask
 .text.SYSVIEW_SendTaskInfo
                0x00000000080037d8       0x42 ./ThirdParty/SEGGER/OS/SEGGER_SYSVIEW_FreeRTOS.o
                0x00000000080037d8                SYSVIEW_SendTaskInfo
 *fill*         0x000000000800381a        0x2 
 .text._DoInit  0x000000000800381c       0xb0 ./ThirdParty/SEGGER/SEGGER/SEGGER_RTT.o
 .text.SEGGER_RTT_ReadNoLock
                0x00000000080038cc      0x10c ./ThirdParty/SEGGER/SEGGER/SEGGER_RTT.o
                0x00000000080038cc                SEGGER_RTT_ReadNoLock
 .text.SEGGER_RTT_AllocUpBuffer
                0x00000000080039d8      0x108 ./ThirdParty/SEGGER/SEGGER/SEGGER_RTT.o
                0x00000000080039d8                SEGGER_RTT_AllocUpBuffer
 .text.SEGGER_RTT_ConfigDownBuffer
                0x0000000008003ae0       0xe0 ./ThirdParty/SEGGER/SEGGER/SEGGER_RTT.o
                0x0000000008003ae0                SEGGER_RTT_ConfigDownBuffer
 .text._EncodeStr
                0x0000000008003bc0       0x9a ./ThirdParty/SEGGER/SEGGER/SEGGER_SYSVIEW.o
 .text._PreparePacket
                0x0000000008003c5a       0x18 ./ThirdParty/SEGGER/SEGGER/SEGGER_SYSVIEW.o
 *fill*         0x0000000008003c72        0x2 
 .text._HandleIncomingPacket
                0x0000000008003c74       0xe0 ./ThirdParty/SEGGER/SEGGER/SEGGER_SYSVIEW.o
 .text._TrySendOverflowPacket
                0x0000000008003d54       0xe4 ./ThirdParty/SEGGER/SEGGER/SEGGER_SYSVIEW.o
 .text._SendPacket
                0x0000000008003e38      0x1cc ./ThirdParty/SEGGER/SEGGER/SEGGER_SYSVIEW.o
 .text._StoreChar
                0x0000000008004004       0xf6 ./ThirdParty/SEGGER/SEGGER/SEGGER_SYSVIEW.o
 *fill*         0x00000000080040fa        0x2 
 .text._PrintUnsigned
                0x00000000080040fc      0x12c ./ThirdParty/SEGGER/SEGGER/SEGGER_SYSVIEW.o
 .text._PrintInt
                0x0000000008004228      0x11e ./ThirdParty/SEGGER/SEGGER/SEGGER_SYSVIEW.o
 *fill*         0x0000000008004346        0x2 
 .text._VPrintTarget
                0x0000000008004348      0x3f0 ./ThirdParty/SEGGER/SEGGER/SEGGER_SYSVIEW.o
 .text.SEGGER_SYSVIEW_Init
                0x0000000008004738       0x88 ./ThirdParty/SEGGER/SEGGER/SEGGER_SYSVIEW.o
                0x0000000008004738                SEGGER_SYSVIEW_Init
 .text.SEGGER_SYSVIEW_SetRAMBase
                0x00000000080047c0       0x20 ./ThirdParty/SEGGER/SEGGER/SEGGER_SYSVIEW.o
                0x00000000080047c0                SEGGER_SYSVIEW_SetRAMBase
 .text.SEGGER_SYSVIEW_RecordVoid
                0x00000000080047e0       0x3c ./ThirdParty/SEGGER/SEGGER/SEGGER_SYSVIEW.o
                0x00000000080047e0                SEGGER_SYSVIEW_RecordVoid
 .text.SEGGER_SYSVIEW_RecordU32
                0x000000000800481c       0x78 ./ThirdParty/SEGGER/SEGGER/SEGGER_SYSVIEW.o
                0x000000000800481c                SEGGER_SYSVIEW_RecordU32
 .text.SEGGER_SYSVIEW_RecordU32x2
                0x0000000008004894       0xb4 ./ThirdParty/SEGGER/SEGGER/SEGGER_SYSVIEW.o
                0x0000000008004894                SEGGER_SYSVIEW_RecordU32x2
 .text.SEGGER_SYSVIEW_Start
                0x0000000008004948      0x174 ./ThirdParty/SEGGER/SEGGER/SEGGER_SYSVIEW.o
                0x0000000008004948                SEGGER_SYSVIEW_Start
 .text.SEGGER_SYSVIEW_Stop
                0x0000000008004abc       0x4c ./ThirdParty/SEGGER/SEGGER/SEGGER_SYSVIEW.o
                0x0000000008004abc                SEGGER_SYSVIEW_Stop
 .text.SEGGER_SYSVIEW_GetSysDesc
                0x0000000008004b08      0x134 ./ThirdParty/SEGGER/SEGGER/SEGGER_SYSVIEW.o
                0x0000000008004b08                SEGGER_SYSVIEW_GetSysDesc
 .text.SEGGER_SYSVIEW_SendTaskInfo
                0x0000000008004c3c      0x1c8 ./ThirdParty/SEGGER/SEGGER/SEGGER_SYSVIEW.o
                0x0000000008004c3c                SEGGER_SYSVIEW_SendTaskInfo
 .text.SEGGER_SYSVIEW_SendTaskList
                0x0000000008004e04       0x28 ./ThirdParty/SEGGER/SEGGER/SEGGER_SYSVIEW.o
                0x0000000008004e04                SEGGER_SYSVIEW_SendTaskList
 .text.SEGGER_SYSVIEW_SendSysDesc
                0x0000000008004e2c       0x48 ./ThirdParty/SEGGER/SEGGER/SEGGER_SYSVIEW.o
                0x0000000008004e2c                SEGGER_SYSVIEW_SendSysDesc
 .text.SEGGER_SYSVIEW_RecordSystime
                0x0000000008004e74       0x64 ./ThirdParty/SEGGER/SEGGER/SEGGER_SYSVIEW.o
                0x0000000008004e74                SEGGER_SYSVIEW_RecordSystime
 .text.SEGGER_SYSVIEW_RecordEnterISR
                0x0000000008004ed8       0x84 ./ThirdParty/SEGGER/SEGGER/SEGGER_SYSVIEW.o
                0x0000000008004ed8                SEGGER_SYSVIEW_RecordEnterISR
 .text.SEGGER_SYSVIEW_RecordExitISR
                0x0000000008004f5c       0x38 ./ThirdParty/SEGGER/SEGGER/SEGGER_SYSVIEW.o
                0x0000000008004f5c                SEGGER_SYSVIEW_RecordExitISR
 .text.SEGGER_SYSVIEW_RecordExitISRToScheduler
                0x0000000008004f94       0x38 ./ThirdParty/SEGGER/SEGGER/SEGGER_SYSVIEW.o
                0x0000000008004f94                SEGGER_SYSVIEW_RecordExitISRToScheduler
 .text.SEGGER_SYSVIEW_OnIdle
                0x0000000008004fcc       0x38 ./ThirdParty/SEGGER/SEGGER/SEGGER_SYSVIEW.o
                0x0000000008004fcc                SEGGER_SYSVIEW_OnIdle
 .text.SEGGER_SYSVIEW_OnTaskCreate
                0x0000000008005004       0x84 ./ThirdParty/SEGGER/SEGGER/SEGGER_SYSVIEW.o
                0x0000000008005004                SEGGER_SYSVIEW_OnTaskCreate
 .text.SEGGER_SYSVIEW_OnTaskStartExec
                0x0000000008005088       0x84 ./ThirdParty/SEGGER/SEGGER/SEGGER_SYSVIEW.o
                0x0000000008005088                SEGGER_SYSVIEW_OnTaskStartExec
 .text.SEGGER_SYSVIEW_OnTaskStartReady
                0x000000000800510c       0x84 ./ThirdParty/SEGGER/SEGGER/SEGGER_SYSVIEW.o
                0x000000000800510c                SEGGER_SYSVIEW_OnTaskStartReady
 .text.SEGGER_SYSVIEW_OnTaskStopReady
                0x0000000008005190       0xc0 ./ThirdParty/SEGGER/SEGGER/SEGGER_SYSVIEW.o
                0x0000000008005190                SEGGER_SYSVIEW_OnTaskStopReady
 .text.SEGGER_SYSVIEW_SendModule
                0x0000000008005250      0x100 ./ThirdParty/SEGGER/SEGGER/SEGGER_SYSVIEW.o
                0x0000000008005250                SEGGER_SYSVIEW_SendModule
 .text.SEGGER_SYSVIEW_SendModuleDescription
                0x0000000008005350       0x3c ./ThirdParty/SEGGER/SEGGER/SEGGER_SYSVIEW.o
                0x0000000008005350                SEGGER_SYSVIEW_SendModuleDescription
 .text.SEGGER_SYSVIEW_SendNumModules
                0x000000000800538c       0x7c ./ThirdParty/SEGGER/SEGGER/SEGGER_SYSVIEW.o
                0x000000000800538c                SEGGER_SYSVIEW_SendNumModules
 .text.SEGGER_SYSVIEW_PrintfTarget
                0x0000000008005408       0x28 ./ThirdParty/SEGGER/SEGGER/SEGGER_SYSVIEW.o
                0x0000000008005408                SEGGER_SYSVIEW_PrintfTarget
 .text.SEGGER_SYSVIEW_Warn
                0x0000000008005430       0xb8 ./ThirdParty/SEGGER/SEGGER/SEGGER_SYSVIEW.o
                0x0000000008005430                SEGGER_SYSVIEW_Warn
 .text.memcmp   0x00000000080054e8       0x20 F:/STM32CubeIDE_1.13.1/STM32CubeIDE/plugins/com.st.stm32cube.ide.mcu.externaltools.gnu-tools-for-stm32.11.3.rel1.win32_1.1.0.202305231506/tools/bin/../lib/gcc/arm-none-eabi/11.3.1/../../../../arm-none-eabi/lib/thumb/v7e-m+fp/hard\libc_nano.a(libc_a-memcmp.o)
                0x00000000080054e8                memcmp
 .text.memset   0x0000000008005508       0x10 F:/STM32CubeIDE_1.13.1/STM32CubeIDE/plugins/com.st.stm32cube.ide.mcu.externaltools.gnu-tools-for-stm32.11.3.rel1.win32_1.1.0.202305231506/tools/bin/../lib/gcc/arm-none-eabi/11.3.1/../../../../arm-none-eabi/lib/thumb/v7e-m+fp/hard\libc_nano.a(libc_a-memset.o)
                0x0000000008005508                memset
 .text.__libc_init_array
                0x0000000008005518       0x48 F:/STM32CubeIDE_1.13.1/STM32CubeIDE/plugins/com.st.stm32cube.ide.mcu.externaltools.gnu-tools-for-stm32.11.3.rel1.win32_1.1.0.202305231506/tools/bin/../lib/gcc/arm-none-eabi/11.3.1/../../../../arm-none-eabi/lib/thumb/v7e-m+fp/hard\libc_nano.a(libc_a-init.o)
                0x0000000008005518                __libc_init_array
 .text.memcpy   0x0000000008005560       0x1c F:/STM32CubeIDE_1.13.1/STM32CubeIDE/plugins/com.st.stm32cube.ide.mcu.externaltools.gnu-tools-for-stm32.11.3.rel1.win32_1.1.0.202305231506/tools/bin/../lib/gcc/arm-none-eabi/11.3.1/../../../../arm-none-eabi/lib/thumb/v7e-m+fp/hard\libc_nano.a(libc_a-memcpy-stub.o)
                0x0000000008005560                memcpy
 *(.glue_7)
 .glue_7        0x000000000800557c        0x0 linker stubs
 *(.glue_7t)
 .glue_7t       0x000000000800557c        0x0 linker stubs
 *(.eh_frame)
 .eh_frame      0x000000000800557c        0x0 F:/STM32CubeIDE_1.13.1/STM32CubeIDE/plugins/com.st.stm32cube.ide.mcu.externaltools.gnu-tools-for-stm32.11.3.rel1.win32_1.1.0.202305231506/tools/bin/../lib/gcc/arm-none-eabi/11.3.1/thumb/v7e-m+fp/hard/crtbegin.o
 *(.init)
 .init          0x000000000800557c        0x4 F:/STM32CubeIDE_1.13.1/STM32CubeIDE/plugins/com.st.stm32cube.ide.mcu.externaltools.gnu-tools-for-stm32.11.3.rel1.win32_1.1.0.202305231506/tools/bin/../lib/gcc/arm-none-eabi/11.3.1/thumb/v7e-m+fp/hard/crti.o
                0x000000000800557c                _init
 .init          0x0000000008005580        0x8 F:/STM32CubeIDE_1.13.1/STM32CubeIDE/plugins/com.st.stm32cube.ide.mcu.externaltools.gnu-tools-for-stm32.11.3.rel1.win32_1.1.0.202305231506/tools/bin/../lib/gcc/arm-none-eabi/11.3.1/thumb/v7e-m+fp/hard/crtn.o
 *(.fini)
 .fini          0x0000000008005588        0x4 F:/STM32CubeIDE_1.13.1/STM32CubeIDE/plugins/com.st.stm32cube.ide.mcu.externaltools.gnu-tools-for-stm32.11.3.rel1.win32_1.1.0.202305231506/tools/bin/../lib/gcc/arm-none-eabi/11.3.1/thumb/v7e-m+fp/hard/crti.o
                0x0000000008005588                _fini
 .fini          0x000000000800558c        0x8 F:/STM32CubeIDE_1.13.1/STM32CubeIDE/plugins/com.st.stm32cube.ide.mcu.externaltools.gnu-tools-for-stm32.11.3.rel1.win32_1.1.0.202305231506/tools/bin/../lib/gcc/arm-none-eabi/11.3.1/thumb/v7e-m+fp/hard/crtn.o
                0x0000000008005594                . = ALIGN (0x4)
                0x0000000008005594                _etext = .

.vfp11_veneer   0x0000000008005594        0x0
 .vfp11_veneer  0x0000000008005594        0x0 linker stubs

.v4_bx          0x0000000008005594        0x0
 .v4_bx         0x0000000008005594        0x0 linker stubs

.iplt           0x0000000008005594        0x0
 .iplt          0x0000000008005594        0x0 F:/STM32CubeIDE_1.13.1/STM32CubeIDE/plugins/com.st.stm32cube.ide.mcu.externaltools.gnu-tools-for-stm32.11.3.rel1.win32_1.1.0.202305231506/tools/bin/../lib/gcc/arm-none-eabi/11.3.1/thumb/v7e-m+fp/hard/crtbegin.o

.rodata         0x0000000008005594      0x17c
                0x0000000008005594                . = ALIGN (0x4)
 *(.rodata)
 .rodata        0x0000000008005594       0x6c ./Core/Src/main.o
 .rodata        0x0000000008005600        0x5 ./ThirdParty/FreeRTOS/tasks.o
 *fill*         0x0000000008005605        0x3 
 .rodata        0x0000000008005608       0x51 ./ThirdParty/SEGGER/Config/SEGGER_SYSVIEW_Config_FreeRTOS.o
 *fill*         0x0000000008005659        0x3 
 .rodata        0x000000000800565c       0x58 ./ThirdParty/SEGGER/OS/SEGGER_SYSVIEW_FreeRTOS.o
 .rodata        0x00000000080056b4       0x17 ./ThirdParty/SEGGER/SEGGER/SEGGER_RTT.o
 *fill*         0x00000000080056cb        0x1 
 .rodata        0x00000000080056cc        0x8 ./ThirdParty/SEGGER/SEGGER/SEGGER_SYSVIEW.o
 *(.rodata*)
 .rodata.AHBPrescTable
                0x00000000080056d4       0x10 ./Core/Src/system_stm32g4xx.o
                0x00000000080056d4                AHBPrescTable
 .rodata.APBPrescTable
                0x00000000080056e4        0x8 ./Core/Src/system_stm32g4xx.o
                0x00000000080056e4                APBPrescTable
 .rodata.SYSVIEW_X_OS_TraceAPI
                0x00000000080056ec        0x8 ./ThirdParty/SEGGER/OS/SEGGER_SYSVIEW_FreeRTOS.o
                0x00000000080056ec                SYSVIEW_X_OS_TraceAPI
 .rodata._abSync
                0x00000000080056f4        0xa ./ThirdParty/SEGGER/SEGGER/SEGGER_SYSVIEW.o
 *fill*         0x00000000080056fe        0x2 
 .rodata._aV2C.0
                0x0000000008005700       0x10 ./ThirdParty/SEGGER/SEGGER/SEGGER_SYSVIEW.o
                0x0000000008005710                . = ALIGN (0x4)

.rel.dyn        0x0000000008005710        0x0
 .rel.iplt      0x0000000008005710        0x0 F:/STM32CubeIDE_1.13.1/STM32CubeIDE/plugins/com.st.stm32cube.ide.mcu.externaltools.gnu-tools-for-stm32.11.3.rel1.win32_1.1.0.202305231506/tools/bin/../lib/gcc/arm-none-eabi/11.3.1/thumb/v7e-m+fp/hard/crtbegin.o

.ARM.extab      0x0000000008005710        0x0
                0x0000000008005710                . = ALIGN (0x4)
 *(.ARM.extab* .gnu.linkonce.armextab.*)
                0x0000000008005710                . = ALIGN (0x4)

.ARM            0x0000000008005710        0x0
                0x0000000008005710                . = ALIGN (0x4)
                0x0000000008005710                __exidx_start = .
 *(.ARM.exidx*)
                0x0000000008005710                __exidx_end = .
                0x0000000008005710                . = ALIGN (0x4)

.preinit_array  0x0000000008005710        0x0
                0x0000000008005710                . = ALIGN (0x4)
                0x0000000008005710                PROVIDE (__preinit_array_start = .)
 *(.preinit_array*)
                0x0000000008005710                PROVIDE (__preinit_array_end = .)
                0x0000000008005710                . = ALIGN (0x4)

.init_array     0x0000000008005710        0x4
                0x0000000008005710                . = ALIGN (0x4)
                0x0000000008005710                PROVIDE (__init_array_start = .)
 *(SORT_BY_NAME(.init_array.*))
 *(.init_array*)
 .init_array    0x0000000008005710        0x4 F:/STM32CubeIDE_1.13.1/STM32CubeIDE/plugins/com.st.stm32cube.ide.mcu.externaltools.gnu-tools-for-stm32.11.3.rel1.win32_1.1.0.202305231506/tools/bin/../lib/gcc/arm-none-eabi/11.3.1/thumb/v7e-m+fp/hard/crtbegin.o
                0x0000000008005714                PROVIDE (__init_array_end = .)
                0x0000000008005714                . = ALIGN (0x4)

.fini_array     0x0000000008005714        0x4
                0x0000000008005714                . = ALIGN (0x4)
                [!provide]                        PROVIDE (__fini_array_start = .)
 *(SORT_BY_NAME(.fini_array.*))
 *(.fini_array*)
 .fini_array    0x0000000008005714        0x4 F:/STM32CubeIDE_1.13.1/STM32CubeIDE/plugins/com.st.stm32cube.ide.mcu.externaltools.gnu-tools-for-stm32.11.3.rel1.win32_1.1.0.202305231506/tools/bin/../lib/gcc/arm-none-eabi/11.3.1/thumb/v7e-m+fp/hard/crtbegin.o
                [!provide]                        PROVIDE (__fini_array_end = .)
                0x0000000008005718                . = ALIGN (0x4)
                0x0000000008005718                _sidata = LOADADDR (.data)

.data           0x0000000020000000       0x14 load address 0x0000000008005718
                0x0000000020000000                . = ALIGN (0x4)
                0x0000000020000000                _sdata = .
 *(.data)
 *(.data*)
 .data.SystemCoreClock
                0x0000000020000000        0x4 ./Core/Src/system_stm32g4xx.o
                0x0000000020000000                SystemCoreClock
 .data.uwTickPrio
                0x0000000020000004        0x4 ./Drivers/STM32G4xx_HAL_Driver/Src/stm32g4xx_hal.o
                0x0000000020000004                uwTickPrio
 .data.uwTickFreq
                0x0000000020000008        0x4 ./Drivers/STM32G4xx_HAL_Driver/Src/stm32g4xx_hal.o
                0x0000000020000008                uwTickFreq
 .data.uxTopUsedPriority
                0x000000002000000c        0x4 ./ThirdParty/FreeRTOS/tasks.o
                0x000000002000000c                uxTopUsedPriority
 .data.uxCriticalNesting
                0x0000000020000010        0x4 ./ThirdParty/FreeRTOS/portable/GCC/ARM_CM4F/port.o
 *(.RamFunc)
 *(.RamFunc*)
                0x0000000020000014                . = ALIGN (0x4)
                0x0000000020000014                _edata = .

.igot.plt       0x0000000020000014        0x0 load address 0x000000000800572c
 .igot.plt      0x0000000020000014        0x0 F:/STM32CubeIDE_1.13.1/STM32CubeIDE/plugins/com.st.stm32cube.ide.mcu.externaltools.gnu-tools-for-stm32.11.3.rel1.win32_1.1.0.202305231506/tools/bin/../lib/gcc/arm-none-eabi/11.3.1/thumb/v7e-m+fp/hard/crtbegin.o
                0x0000000020000014                . = ALIGN (0x4)

.bss            0x0000000020000014    0x14410 load address 0x000000000800572c
                0x0000000020000014                _sbss = .
                0x0000000020000014                __bss_start__ = _sbss
 *(.bss)
 .bss           0x0000000020000014       0x1c F:/STM32CubeIDE_1.13.1/STM32CubeIDE/plugins/com.st.stm32cube.ide.mcu.externaltools.gnu-tools-for-stm32.11.3.rel1.win32_1.1.0.202305231506/tools/bin/../lib/gcc/arm-none-eabi/11.3.1/thumb/v7e-m+fp/hard/crtbegin.o
 *(.bss*)
 .bss.htim6     0x0000000020000030       0x4c ./Core/Src/stm32g4xx_hal_timebase_tim.o
                0x0000000020000030                htim6
 .bss.uwTick    0x000000002000007c        0x4 ./Drivers/STM32G4xx_HAL_Driver/Src/stm32g4xx_hal.o
                0x000000002000007c                uwTick
 .bss.pxCurrentTCB
                0x0000000020000080        0x4 ./ThirdParty/FreeRTOS/tasks.o
                0x0000000020000080                pxCurrentTCB
 .bss.pxReadyTasksLists
                0x0000000020000084       0x64 ./ThirdParty/FreeRTOS/tasks.o
 .bss.xDelayedTaskList1
                0x00000000200000e8       0x14 ./ThirdParty/FreeRTOS/tasks.o
 .bss.xDelayedTaskList2
                0x00000000200000fc       0x14 ./ThirdParty/FreeRTOS/tasks.o
 .bss.pxDelayedTaskList
                0x0000000020000110        0x4 ./ThirdParty/FreeRTOS/tasks.o
 .bss.pxOverflowDelayedTaskList
                0x0000000020000114        0x4 ./ThirdParty/FreeRTOS/tasks.o
 .bss.xPendingReadyList
                0x0000000020000118       0x14 ./ThirdParty/FreeRTOS/tasks.o
 .bss.xTasksWaitingTermination
                0x000000002000012c       0x14 ./ThirdParty/FreeRTOS/tasks.o
 .bss.uxDeletedTasksWaitingCleanUp
                0x0000000020000140        0x4 ./ThirdParty/FreeRTOS/tasks.o
 .bss.xSuspendedTaskList
                0x0000000020000144       0x14 ./ThirdParty/FreeRTOS/tasks.o
 .bss.uxCurrentNumberOfTasks
                0x0000000020000158        0x4 ./ThirdParty/FreeRTOS/tasks.o
 .bss.xTickCount
                0x000000002000015c        0x4 ./ThirdParty/FreeRTOS/tasks.o
 .bss.uxTopReadyPriority
                0x0000000020000160        0x4 ./ThirdParty/FreeRTOS/tasks.o
 .bss.xSchedulerRunning
                0x0000000020000164        0x4 ./ThirdParty/FreeRTOS/tasks.o
 .bss.xPendedTicks
                0x0000000020000168        0x4 ./ThirdParty/FreeRTOS/tasks.o
 .bss.xYieldPending
                0x000000002000016c        0x4 ./ThirdParty/FreeRTOS/tasks.o
 .bss.xNumOfOverflows
                0x0000000020000170        0x4 ./ThirdParty/FreeRTOS/tasks.o
 .bss.uxTaskNumber
                0x0000000020000174        0x4 ./ThirdParty/FreeRTOS/tasks.o
 .bss.xNextTaskUnblockTime
                0x0000000020000178        0x4 ./ThirdParty/FreeRTOS/tasks.o
 .bss.xIdleTaskHandle
                0x000000002000017c        0x4 ./ThirdParty/FreeRTOS/tasks.o
 .bss.uxSchedulerSuspended
                0x0000000020000180        0x4 ./ThirdParty/FreeRTOS/tasks.o
 .bss.ucMaxSysCallPriority
                0x0000000020000184        0x1 ./ThirdParty/FreeRTOS/portable/GCC/ARM_CM4F/port.o
 *fill*         0x0000000020000185        0x3 
 .bss.ulMaxPRIGROUPValue
                0x0000000020000188        0x4 ./ThirdParty/FreeRTOS/portable/GCC/ARM_CM4F/port.o
 .bss.ucHeap    0x000000002000018c    0x12c00 ./ThirdParty/FreeRTOS/portable/MemMang/heap_4.o
 .bss.xStart    0x0000000020012d8c        0x8 ./ThirdParty/FreeRTOS/portable/MemMang/heap_4.o
 .bss.pxEnd     0x0000000020012d94        0x4 ./ThirdParty/FreeRTOS/portable/MemMang/heap_4.o
 .bss.xFreeBytesRemaining
                0x0000000020012d98        0x4 ./ThirdParty/FreeRTOS/portable/MemMang/heap_4.o
 .bss.xMinimumEverFreeBytesRemaining
                0x0000000020012d9c        0x4 ./ThirdParty/FreeRTOS/portable/MemMang/heap_4.o
 .bss.xNumberOfSuccessfulAllocations
                0x0000000020012da0        0x4 ./ThirdParty/FreeRTOS/portable/MemMang/heap_4.o
 .bss.xNumberOfSuccessfulFrees
                0x0000000020012da4        0x4 ./ThirdParty/FreeRTOS/portable/MemMang/heap_4.o
 .bss.xBlockAllocatedBit
                0x0000000020012da8        0x4 ./ThirdParty/FreeRTOS/portable/MemMang/heap_4.o
 .bss._aTasks   0x0000000020012dac       0xa0 ./ThirdParty/SEGGER/OS/SEGGER_SYSVIEW_FreeRTOS.o
 .bss._NumTasks
                0x0000000020012e4c        0x4 ./ThirdParty/SEGGER/OS/SEGGER_SYSVIEW_FreeRTOS.o
 .bss._SEGGER_RTT
                0x0000000020012e50       0xa8 ./ThirdParty/SEGGER/SEGGER/SEGGER_RTT.o
                0x0000000020012e50                _SEGGER_RTT
 .bss._acUpBuffer
                0x0000000020012ef8      0x400 ./ThirdParty/SEGGER/SEGGER/SEGGER_RTT.o
 .bss._acDownBuffer
                0x00000000200132f8       0x10 ./ThirdParty/SEGGER/SEGGER/SEGGER_RTT.o
 .bss._UpBuffer
                0x0000000020013308     0x1000 ./ThirdParty/SEGGER/SEGGER/SEGGER_SYSVIEW.o
 .bss._DownBuffer
                0x0000000020014308        0x8 ./ThirdParty/SEGGER/SEGGER/SEGGER_SYSVIEW.o
 .bss._SYSVIEW_Globals
                0x0000000020014310       0x28 ./ThirdParty/SEGGER/SEGGER/SEGGER_SYSVIEW.o
 .bss._pFirstModule
                0x0000000020014338        0x4 ./ThirdParty/SEGGER/SEGGER/SEGGER_SYSVIEW.o
 .bss._NumModules
                0x000000002001433c        0x1 ./ThirdParty/SEGGER/SEGGER/SEGGER_SYSVIEW.o
 *fill*         0x000000002001433d        0x3 
 .bss._aPacket  0x0000000020014340       0xe3 ./ThirdParty/SEGGER/SEGGER/SEGGER_SYSVIEW.o
 *(COMMON)
                0x0000000020014424                . = ALIGN (0x4)
 *fill*         0x0000000020014423        0x1 
                0x0000000020014424                _ebss = .
                0x0000000020014424                __bss_end__ = _ebss

._user_heap_stack
                0x0000000020014424      0x604 load address 0x000000000800572c
                0x0000000020014428                . = ALIGN (0x8)
 *fill*         0x0000000020014424        0x4 
                0x0000000020014428                PROVIDE (end = .)
                [!provide]                        PROVIDE (_end = .)
                0x0000000020014628                . = (. + _Min_Heap_Size)
 *fill*         0x0000000020014428      0x200 
                0x0000000020014a28                . = (. + _Min_Stack_Size)
 *fill*         0x0000000020014628      0x400 
                0x0000000020014a28                . = ALIGN (0x8)

/DISCARD/
 libc.a(*)
 libm.a(*)
 libgcc.a(*)

.ARM.attributes
                0x0000000000000000       0x30
 *(.ARM.attributes)
 .ARM.attributes
                0x0000000000000000       0x1e F:/STM32CubeIDE_1.13.1/STM32CubeIDE/plugins/com.st.stm32cube.ide.mcu.externaltools.gnu-tools-for-stm32.11.3.rel1.win32_1.1.0.202305231506/tools/bin/../lib/gcc/arm-none-eabi/11.3.1/thumb/v7e-m+fp/hard/crti.o
 .ARM.attributes
                0x000000000000001e       0x34 F:/STM32CubeIDE_1.13.1/STM32CubeIDE/plugins/com.st.stm32cube.ide.mcu.externaltools.gnu-tools-for-stm32.11.3.rel1.win32_1.1.0.202305231506/tools/bin/../lib/gcc/arm-none-eabi/11.3.1/thumb/v7e-m+fp/hard/crtbegin.o
 .ARM.attributes
                0x0000000000000052       0x34 ./Core/Src/main.o
 .ARM.attributes
                0x0000000000000086       0x34 ./Core/Src/stm32g4xx_hal_msp.o
 .ARM.attributes
                0x00000000000000ba       0x34 ./Core/Src/stm32g4xx_hal_timebase_tim.o
 .ARM.attributes
                0x00000000000000ee       0x34 ./Core/Src/stm32g4xx_it.o
 .ARM.attributes
                0x0000000000000122       0x34 ./Core/Src/system_stm32g4xx.o
 .ARM.attributes
                0x0000000000000156       0x21 ./Core/Startup/startup_stm32g474retx.o
 .ARM.attributes
                0x0000000000000177       0x34 ./Drivers/STM32G4xx_HAL_Driver/Src/stm32g4xx_hal.o
 .ARM.attributes
                0x00000000000001ab       0x34 ./Drivers/STM32G4xx_HAL_Driver/Src/stm32g4xx_hal_cortex.o
 .ARM.attributes
                0x00000000000001df       0x34 ./Drivers/STM32G4xx_HAL_Driver/Src/stm32g4xx_hal_gpio.o
 .ARM.attributes
                0x0000000000000213       0x34 ./Drivers/STM32G4xx_HAL_Driver/Src/stm32g4xx_hal_pwr_ex.o
 .ARM.attributes
                0x0000000000000247       0x34 ./Drivers/STM32G4xx_HAL_Driver/Src/stm32g4xx_hal_rcc.o
 .ARM.attributes
                0x000000000000027b       0x34 ./Drivers/STM32G4xx_HAL_Driver/Src/stm32g4xx_hal_tim.o
 .ARM.attributes
                0x00000000000002af       0x34 ./Drivers/STM32G4xx_HAL_Driver/Src/stm32g4xx_hal_tim_ex.o
 .ARM.attributes
                0x00000000000002e3       0x34 ./ThirdParty/FreeRTOS/list.o
 .ARM.attributes
                0x0000000000000317       0x34 ./ThirdParty/FreeRTOS/tasks.o
 .ARM.attributes
                0x000000000000034b       0x34 ./ThirdParty/FreeRTOS/portable/GCC/ARM_CM4F/port.o
 .ARM.attributes
                0x000000000000037f       0x34 ./ThirdParty/FreeRTOS/portable/MemMang/heap_4.o
 .ARM.attributes
                0x00000000000003b3       0x34 ./ThirdParty/SEGGER/Config/SEGGER_SYSVIEW_Config_FreeRTOS.o
 .ARM.attributes
                0x00000000000003e7       0x34 ./ThirdParty/SEGGER/OS/SEGGER_SYSVIEW_FreeRTOS.o
 .ARM.attributes
                0x000000000000041b       0x34 ./ThirdParty/SEGGER/SEGGER/SEGGER_RTT.o
 .ARM.attributes
                0x000000000000044f       0x20 ./ThirdParty/SEGGER/SEGGER/SEGGER_RTT_ASM_ARMv7M.o
 .ARM.attributes
                0x000000000000046f       0x34 ./ThirdParty/SEGGER/SEGGER/SEGGER_SYSVIEW.o
 .ARM.attributes
                0x00000000000004a3       0x34 F:/STM32CubeIDE_1.13.1/STM32CubeIDE/plugins/com.st.stm32cube.ide.mcu.externaltools.gnu-tools-for-stm32.11.3.rel1.win32_1.1.0.202305231506/tools/bin/../lib/gcc/arm-none-eabi/11.3.1/../../../../arm-none-eabi/lib/thumb/v7e-m+fp/hard\libc_nano.a(libc_a-memcmp.o)
 .ARM.attributes
                0x00000000000004d7       0x34 F:/STM32CubeIDE_1.13.1/STM32CubeIDE/plugins/com.st.stm32cube.ide.mcu.externaltools.gnu-tools-for-stm32.11.3.rel1.win32_1.1.0.202305231506/tools/bin/../lib/gcc/arm-none-eabi/11.3.1/../../../../arm-none-eabi/lib/thumb/v7e-m+fp/hard\libc_nano.a(libc_a-memset.o)
 .ARM.attributes
                0x000000000000050b       0x34 F:/STM32CubeIDE_1.13.1/STM32CubeIDE/plugins/com.st.stm32cube.ide.mcu.externaltools.gnu-tools-for-stm32.11.3.rel1.win32_1.1.0.202305231506/tools/bin/../lib/gcc/arm-none-eabi/11.3.1/../../../../arm-none-eabi/lib/thumb/v7e-m+fp/hard\libc_nano.a(libc_a-init.o)
 .ARM.attributes
                0x000000000000053f       0x34 F:/STM32CubeIDE_1.13.1/STM32CubeIDE/plugins/com.st.stm32cube.ide.mcu.externaltools.gnu-tools-for-stm32.11.3.rel1.win32_1.1.0.202305231506/tools/bin/../lib/gcc/arm-none-eabi/11.3.1/../../../../arm-none-eabi/lib/thumb/v7e-m+fp/hard\libc_nano.a(libc_a-memcpy-stub.o)
 .ARM.attributes
                0x0000000000000573       0x1e F:/STM32CubeIDE_1.13.1/STM32CubeIDE/plugins/com.st.stm32cube.ide.mcu.externaltools.gnu-tools-for-stm32.11.3.rel1.win32_1.1.0.202305231506/tools/bin/../lib/gcc/arm-none-eabi/11.3.1/thumb/v7e-m+fp/hard/crtn.o
OUTPUT(LED_Tasks2.elf elf32-littlearm)
LOAD linker stubs
LOAD F:/STM32CubeIDE_1.13.1/STM32CubeIDE/plugins/com.st.stm32cube.ide.mcu.externaltools.gnu-tools-for-stm32.11.3.rel1.win32_1.1.0.202305231506/tools/bin/../lib/gcc/arm-none-eabi/11.3.1/../../../../arm-none-eabi/lib/thumb/v7e-m+fp/hard\libc.a
LOAD F:/STM32CubeIDE_1.13.1/STM32CubeIDE/plugins/com.st.stm32cube.ide.mcu.externaltools.gnu-tools-for-stm32.11.3.rel1.win32_1.1.0.202305231506/tools/bin/../lib/gcc/arm-none-eabi/11.3.1/../../../../arm-none-eabi/lib/thumb/v7e-m+fp/hard\libm.a
LOAD F:/STM32CubeIDE_1.13.1/STM32CubeIDE/plugins/com.st.stm32cube.ide.mcu.externaltools.gnu-tools-for-stm32.11.3.rel1.win32_1.1.0.202305231506/tools/bin/../lib/gcc/arm-none-eabi/11.3.1/thumb/v7e-m+fp/hard\libgcc.a

.comment        0x0000000000000000       0x43
 .comment       0x0000000000000000       0x43 F:/STM32CubeIDE_1.13.1/STM32CubeIDE/plugins/com.st.stm32cube.ide.mcu.externaltools.gnu-tools-for-stm32.11.3.rel1.win32_1.1.0.202305231506/tools/bin/../lib/gcc/arm-none-eabi/11.3.1/thumb/v7e-m+fp/hard/crtbegin.o
                                         0x44 (size before relaxing)
 .comment       0x0000000000000043       0x44 ./Core/Src/main.o
 .comment       0x0000000000000043       0x44 ./Core/Src/stm32g4xx_hal_msp.o
 .comment       0x0000000000000043       0x44 ./Core/Src/stm32g4xx_hal_timebase_tim.o
 .comment       0x0000000000000043       0x44 ./Core/Src/stm32g4xx_it.o
 .comment       0x0000000000000043       0x44 ./Core/Src/system_stm32g4xx.o
 .comment       0x0000000000000043       0x44 ./Drivers/STM32G4xx_HAL_Driver/Src/stm32g4xx_hal.o
 .comment       0x0000000000000043       0x44 ./Drivers/STM32G4xx_HAL_Driver/Src/stm32g4xx_hal_cortex.o
 .comment       0x0000000000000043       0x44 ./Drivers/STM32G4xx_HAL_Driver/Src/stm32g4xx_hal_gpio.o
 .comment       0x0000000000000043       0x44 ./Drivers/STM32G4xx_HAL_Driver/Src/stm32g4xx_hal_pwr_ex.o
 .comment       0x0000000000000043       0x44 ./Drivers/STM32G4xx_HAL_Driver/Src/stm32g4xx_hal_rcc.o
 .comment       0x0000000000000043       0x44 ./Drivers/STM32G4xx_HAL_Driver/Src/stm32g4xx_hal_tim.o
 .comment       0x0000000000000043       0x44 ./Drivers/STM32G4xx_HAL_Driver/Src/stm32g4xx_hal_tim_ex.o
 .comment       0x0000000000000043       0x44 ./ThirdParty/FreeRTOS/list.o
 .comment       0x0000000000000043       0x44 ./ThirdParty/FreeRTOS/tasks.o
 .comment       0x0000000000000043       0x44 ./ThirdParty/FreeRTOS/portable/GCC/ARM_CM4F/port.o
 .comment       0x0000000000000043       0x44 ./ThirdParty/FreeRTOS/portable/MemMang/heap_4.o
 .comment       0x0000000000000043       0x44 ./ThirdParty/SEGGER/Config/SEGGER_SYSVIEW_Config_FreeRTOS.o
 .comment       0x0000000000000043       0x44 ./ThirdParty/SEGGER/OS/SEGGER_SYSVIEW_FreeRTOS.o
 .comment       0x0000000000000043       0x44 ./ThirdParty/SEGGER/SEGGER/SEGGER_RTT.o
 .comment       0x0000000000000043       0x44 ./ThirdParty/SEGGER/SEGGER/SEGGER_SYSVIEW.o

.debug_info     0x0000000000000000    0x12fbb
 .debug_info    0x0000000000000000     0x13d5 ./Core/Src/main.o
 .debug_info    0x00000000000013d5      0x2e9 ./Core/Src/stm32g4xx_hal_msp.o
 .debug_info    0x00000000000016be      0xe78 ./Core/Src/stm32g4xx_hal_timebase_tim.o
 .debug_info    0x0000000000002536      0x87a ./Core/Src/stm32g4xx_it.o
 .debug_info    0x0000000000002db0      0x58e ./Core/Src/system_stm32g4xx.o
 .debug_info    0x000000000000333e       0x23 ./Core/Startup/startup_stm32g474retx.o
 .debug_info    0x0000000000003361      0xb53 ./Drivers/STM32G4xx_HAL_Driver/Src/stm32g4xx_hal.o
 .debug_info    0x0000000000003eb4      0xdad ./Drivers/STM32G4xx_HAL_Driver/Src/stm32g4xx_hal_cortex.o
 .debug_info    0x0000000000004c61      0x763 ./Drivers/STM32G4xx_HAL_Driver/Src/stm32g4xx_hal_gpio.o
 .debug_info    0x00000000000053c4      0x93f ./Drivers/STM32G4xx_HAL_Driver/Src/stm32g4xx_hal_pwr_ex.o
 .debug_info    0x0000000000005d03      0xbe0 ./Drivers/STM32G4xx_HAL_Driver/Src/stm32g4xx_hal_rcc.o
 .debug_info    0x00000000000068e3     0x2bfd ./Drivers/STM32G4xx_HAL_Driver/Src/stm32g4xx_hal_tim.o
 .debug_info    0x00000000000094e0     0x1d63 ./Drivers/STM32G4xx_HAL_Driver/Src/stm32g4xx_hal_tim_ex.o
 .debug_info    0x000000000000b243      0x2af ./ThirdParty/FreeRTOS/list.o
 .debug_info    0x000000000000b4f2     0x21bb ./ThirdParty/FreeRTOS/tasks.o
 .debug_info    0x000000000000d6ad      0x59d ./ThirdParty/FreeRTOS/portable/GCC/ARM_CM4F/port.o
 .debug_info    0x000000000000dc4a      0x4d5 ./ThirdParty/FreeRTOS/portable/MemMang/heap_4.o
 .debug_info    0x000000000000e11f      0x173 ./ThirdParty/SEGGER/Config/SEGGER_SYSVIEW_Config_FreeRTOS.o
 .debug_info    0x000000000000e292      0x411 ./ThirdParty/SEGGER/OS/SEGGER_SYSVIEW_FreeRTOS.o
 .debug_info    0x000000000000e6a3     0x13d7 ./ThirdParty/SEGGER/SEGGER/SEGGER_RTT.o
 .debug_info    0x000000000000fa7a       0x25 ./ThirdParty/SEGGER/SEGGER/SEGGER_RTT_ASM_ARMv7M.o
 .debug_info    0x000000000000fa9f     0x351c ./ThirdParty/SEGGER/SEGGER/SEGGER_SYSVIEW.o

.debug_abbrev   0x0000000000000000     0x2c18
 .debug_abbrev  0x0000000000000000      0x356 ./Core/Src/main.o
 .debug_abbrev  0x0000000000000356       0xec ./Core/Src/stm32g4xx_hal_msp.o
 .debug_abbrev  0x0000000000000442      0x223 ./Core/Src/stm32g4xx_hal_timebase_tim.o
 .debug_abbrev  0x0000000000000665      0x1af ./Core/Src/stm32g4xx_it.o
 .debug_abbrev  0x0000000000000814      0x11a ./Core/Src/system_stm32g4xx.o
 .debug_abbrev  0x000000000000092e       0x12 ./Core/Startup/startup_stm32g474retx.o
 .debug_abbrev  0x0000000000000940      0x271 ./Drivers/STM32G4xx_HAL_Driver/Src/stm32g4xx_hal.o
 .debug_abbrev  0x0000000000000bb1      0x31c ./Drivers/STM32G4xx_HAL_Driver/Src/stm32g4xx_hal_cortex.o
 .debug_abbrev  0x0000000000000ecd      0x1cb ./Drivers/STM32G4xx_HAL_Driver/Src/stm32g4xx_hal_gpio.o
 .debug_abbrev  0x0000000000001098      0x22c ./Drivers/STM32G4xx_HAL_Driver/Src/stm32g4xx_hal_pwr_ex.o
 .debug_abbrev  0x00000000000012c4      0x2c9 ./Drivers/STM32G4xx_HAL_Driver/Src/stm32g4xx_hal_rcc.o
 .debug_abbrev  0x000000000000158d      0x2a0 ./Drivers/STM32G4xx_HAL_Driver/Src/stm32g4xx_hal_tim.o
 .debug_abbrev  0x000000000000182d      0x2be ./Drivers/STM32G4xx_HAL_Driver/Src/stm32g4xx_hal_tim_ex.o
 .debug_abbrev  0x0000000000001aeb       0xf5 ./ThirdParty/FreeRTOS/list.o
 .debug_abbrev  0x0000000000001be0      0x39b ./ThirdParty/FreeRTOS/tasks.o
 .debug_abbrev  0x0000000000001f7b      0x25a ./ThirdParty/FreeRTOS/portable/GCC/ARM_CM4F/port.o
 .debug_abbrev  0x00000000000021d5      0x21e ./ThirdParty/FreeRTOS/portable/MemMang/heap_4.o
 .debug_abbrev  0x00000000000023f3       0xdf ./ThirdParty/SEGGER/Config/SEGGER_SYSVIEW_Config_FreeRTOS.o
 .debug_abbrev  0x00000000000024d2      0x1a4 ./ThirdParty/SEGGER/OS/SEGGER_SYSVIEW_FreeRTOS.o
 .debug_abbrev  0x0000000000002676      0x258 ./ThirdParty/SEGGER/SEGGER/SEGGER_RTT.o
 .debug_abbrev  0x00000000000028ce       0x14 ./ThirdParty/SEGGER/SEGGER/SEGGER_RTT_ASM_ARMv7M.o
 .debug_abbrev  0x00000000000028e2      0x336 ./ThirdParty/SEGGER/SEGGER/SEGGER_SYSVIEW.o

.debug_aranges  0x0000000000000000     0x1348
 .debug_aranges
                0x0000000000000000       0x58 ./Core/Src/main.o
 .debug_aranges
                0x0000000000000058       0x20 ./Core/Src/stm32g4xx_hal_msp.o
 .debug_aranges
                0x0000000000000078       0x30 ./Core/Src/stm32g4xx_hal_timebase_tim.o
 .debug_aranges
                0x00000000000000a8       0x58 ./Core/Src/stm32g4xx_it.o
 .debug_aranges
                0x0000000000000100       0x28 ./Core/Src/system_stm32g4xx.o
 .debug_aranges
                0x0000000000000128       0x28 ./Core/Startup/startup_stm32g474retx.o
 .debug_aranges
                0x0000000000000150      0x130 ./Drivers/STM32G4xx_HAL_Driver/Src/stm32g4xx_hal.o
 .debug_aranges
                0x0000000000000280      0x118 ./Drivers/STM32G4xx_HAL_Driver/Src/stm32g4xx_hal_cortex.o
 .debug_aranges
                0x0000000000000398       0x58 ./Drivers/STM32G4xx_HAL_Driver/Src/stm32g4xx_hal_gpio.o
 .debug_aranges
                0x00000000000003f0      0x140 ./Drivers/STM32G4xx_HAL_Driver/Src/stm32g4xx_hal_pwr_ex.o
 .debug_aranges
                0x0000000000000530       0x98 ./Drivers/STM32G4xx_HAL_Driver/Src/stm32g4xx_hal_rcc.o
 .debug_aranges
                0x00000000000005c8      0x3e0 ./Drivers/STM32G4xx_HAL_Driver/Src/stm32g4xx_hal_tim.o
 .debug_aranges
                0x00000000000009a8      0x240 ./Drivers/STM32G4xx_HAL_Driver/Src/stm32g4xx_hal_tim_ex.o
 .debug_aranges
                0x0000000000000be8       0x40 ./ThirdParty/FreeRTOS/list.o
 .debug_aranges
                0x0000000000000c28      0x1f8 ./ThirdParty/FreeRTOS/tasks.o
 .debug_aranges
                0x0000000000000e20       0x88 ./ThirdParty/FreeRTOS/portable/GCC/ARM_CM4F/port.o
 .debug_aranges
                0x0000000000000ea8       0x58 ./ThirdParty/FreeRTOS/portable/MemMang/heap_4.o
 .debug_aranges
                0x0000000000000f00       0x28 ./ThirdParty/SEGGER/Config/SEGGER_SYSVIEW_Config_FreeRTOS.o
 .debug_aranges
                0x0000000000000f28       0x48 ./ThirdParty/SEGGER/OS/SEGGER_SYSVIEW_FreeRTOS.o
 .debug_aranges
                0x0000000000000f70      0x138 ./ThirdParty/SEGGER/SEGGER/SEGGER_RTT.o
 .debug_aranges
                0x00000000000010a8       0x20 ./ThirdParty/SEGGER/SEGGER/SEGGER_RTT_ASM_ARMv7M.o
 .debug_aranges
                0x00000000000010c8      0x280 ./ThirdParty/SEGGER/SEGGER/SEGGER_SYSVIEW.o

.debug_rnglists
                0x0000000000000000      0xed1
 .debug_rnglists
                0x0000000000000000       0x40 ./Core/Src/main.o
 .debug_rnglists
                0x0000000000000040       0x13 ./Core/Src/stm32g4xx_hal_msp.o
 .debug_rnglists
                0x0000000000000053       0x20 ./Core/Src/stm32g4xx_hal_timebase_tim.o
 .debug_rnglists
                0x0000000000000073       0x3d ./Core/Src/stm32g4xx_it.o
 .debug_rnglists
                0x00000000000000b0       0x1a ./Core/Src/system_stm32g4xx.o
 .debug_rnglists
                0x00000000000000ca       0x19 ./Core/Startup/startup_stm32g474retx.o
 .debug_rnglists
                0x00000000000000e3       0xdf ./Drivers/STM32G4xx_HAL_Driver/Src/stm32g4xx_hal.o
 .debug_rnglists
                0x00000000000001c2       0xce ./Drivers/STM32G4xx_HAL_Driver/Src/stm32g4xx_hal_cortex.o
 .debug_rnglists
                0x0000000000000290       0x3f ./Drivers/STM32G4xx_HAL_Driver/Src/stm32g4xx_hal_gpio.o
 .debug_rnglists
                0x00000000000002cf       0xf1 ./Drivers/STM32G4xx_HAL_Driver/Src/stm32g4xx_hal_pwr_ex.o
 .debug_rnglists
                0x00000000000003c0       0x74 ./Drivers/STM32G4xx_HAL_Driver/Src/stm32g4xx_hal_rcc.o
 .debug_rnglists
                0x0000000000000434      0x328 ./Drivers/STM32G4xx_HAL_Driver/Src/stm32g4xx_hal_tim.o
 .debug_rnglists
                0x000000000000075c      0x1cb ./Drivers/STM32G4xx_HAL_Driver/Src/stm32g4xx_hal_tim_ex.o
 .debug_rnglists
                0x0000000000000927       0x2b ./ThirdParty/FreeRTOS/list.o
 .debug_rnglists
                0x0000000000000952      0x193 ./ThirdParty/FreeRTOS/tasks.o
 .debug_rnglists
                0x0000000000000ae5       0x64 ./ThirdParty/FreeRTOS/portable/GCC/ARM_CM4F/port.o
 .debug_rnglists
                0x0000000000000b49       0x42 ./ThirdParty/FreeRTOS/portable/MemMang/heap_4.o
 .debug_rnglists
                0x0000000000000b8b       0x19 ./ThirdParty/SEGGER/Config/SEGGER_SYSVIEW_Config_FreeRTOS.o
 .debug_rnglists
                0x0000000000000ba4       0x36 ./ThirdParty/SEGGER/OS/SEGGER_SYSVIEW_FreeRTOS.o
 .debug_rnglists
                0x0000000000000bda       0xf5 ./ThirdParty/SEGGER/SEGGER/SEGGER_RTT.o
 .debug_rnglists
                0x0000000000000ccf      0x202 ./ThirdParty/SEGGER/SEGGER/SEGGER_SYSVIEW.o

.debug_macro    0x0000000000000000    0x27cfe
 .debug_macro   0x0000000000000000      0x370 ./Core/Src/main.o
 .debug_macro   0x0000000000000370      0xaa8 ./Core/Src/main.o
 .debug_macro   0x0000000000000e18      0x155 ./Core/Src/main.o
 .debug_macro   0x0000000000000f6d       0x2e ./Core/Src/main.o
 .debug_macro   0x0000000000000f9b       0x28 ./Core/Src/main.o
 .debug_macro   0x0000000000000fc3       0x22 ./Core/Src/main.o
 .debug_macro   0x0000000000000fe5       0x8e ./Core/Src/main.o
 .debug_macro   0x0000000000001073       0x51 ./Core/Src/main.o
 .debug_macro   0x00000000000010c4      0x103 ./Core/Src/main.o
 .debug_macro   0x00000000000011c7       0x6a ./Core/Src/main.o
 .debug_macro   0x0000000000001231      0x1df ./Core/Src/main.o
 .debug_macro   0x0000000000001410       0x1c ./Core/Src/main.o
 .debug_macro   0x000000000000142c       0x22 ./Core/Src/main.o
 .debug_macro   0x000000000000144e       0xfb ./Core/Src/main.o
 .debug_macro   0x0000000000001549     0x1011 ./Core/Src/main.o
 .debug_macro   0x000000000000255a      0x11f ./Core/Src/main.o
 .debug_macro   0x0000000000002679    0x18b93 ./Core/Src/main.o
 .debug_macro   0x000000000001b20c       0x6d ./Core/Src/main.o
 .debug_macro   0x000000000001b279     0x3554 ./Core/Src/main.o
 .debug_macro   0x000000000001e7cd      0x174 ./Core/Src/main.o
 .debug_macro   0x000000000001e941       0x5c ./Core/Src/main.o
 .debug_macro   0x000000000001e99d     0x171f ./Core/Src/main.o
 .debug_macro   0x00000000000200bc      0x600 ./Core/Src/main.o
 .debug_macro   0x00000000000206bc      0x1b6 ./Core/Src/main.o
 .debug_macro   0x0000000000020872      0x34a ./Core/Src/main.o
 .debug_macro   0x0000000000020bbc      0x53c ./Core/Src/main.o
 .debug_macro   0x00000000000210f8      0x18b ./Core/Src/main.o
 .debug_macro   0x0000000000021283       0x43 ./Core/Src/main.o
 .debug_macro   0x00000000000212c6      0x23d ./Core/Src/main.o
 .debug_macro   0x0000000000021503      0x211 ./Core/Src/main.o
 .debug_macro   0x0000000000021714      0x45c ./Core/Src/main.o
 .debug_macro   0x0000000000021b70      0x11c ./Core/Src/main.o
 .debug_macro   0x0000000000021c8c      0x122 ./Core/Src/main.o
 .debug_macro   0x0000000000021dae      0x3d1 ./Core/Src/main.o
 .debug_macro   0x000000000002217f      0xbef ./Core/Src/main.o
 .debug_macro   0x0000000000022d6e      0x718 ./Core/Src/main.o
 .debug_macro   0x0000000000023486      0x358 ./Core/Src/main.o
 .debug_macro   0x00000000000237de       0x5e ./Core/Src/main.o
 .debug_macro   0x000000000002383c       0x61 ./Core/Src/main.o
 .debug_macro   0x000000000002389d       0x2a ./Core/Src/main.o
 .debug_macro   0x00000000000238c7       0x43 ./Core/Src/main.o
 .debug_macro   0x000000000002390a       0x34 ./Core/Src/main.o
 .debug_macro   0x000000000002393e       0x16 ./Core/Src/main.o
 .debug_macro   0x0000000000023954       0x35 ./Core/Src/main.o
 .debug_macro   0x0000000000023989      0x369 ./Core/Src/main.o
 .debug_macro   0x0000000000023cf2       0x10 ./Core/Src/main.o
 .debug_macro   0x0000000000023d02       0x16 ./Core/Src/main.o
 .debug_macro   0x0000000000023d18       0x43 ./Core/Src/main.o
 .debug_macro   0x0000000000023d5b       0x34 ./Core/Src/main.o
 .debug_macro   0x0000000000023d8f       0x10 ./Core/Src/main.o
 .debug_macro   0x0000000000023d9f       0x58 ./Core/Src/main.o
 .debug_macro   0x0000000000023df7       0x8e ./Core/Src/main.o
 .debug_macro   0x0000000000023e85       0x1c ./Core/Src/main.o
 .debug_macro   0x0000000000023ea1      0x177 ./Core/Src/main.o
 .debug_macro   0x0000000000024018       0x16 ./Core/Src/main.o
 .debug_macro   0x000000000002402e       0x16 ./Core/Src/main.o
 .debug_macro   0x0000000000024044      0x147 ./Core/Src/main.o
 .debug_macro   0x000000000002418b      0x112 ./Core/Src/main.o
 .debug_macro   0x000000000002429d       0x4c ./Core/Src/main.o
 .debug_macro   0x00000000000242e9       0x46 ./Core/Src/main.o
 .debug_macro   0x000000000002432f       0x64 ./Core/Src/main.o
 .debug_macro   0x0000000000024393       0x10 ./Core/Src/main.o
 .debug_macro   0x00000000000243a3       0x49 ./Core/Src/main.o
 .debug_macro   0x00000000000243ec       0xc3 ./Core/Src/main.o
 .debug_macro   0x00000000000244af      0x204 ./Core/Src/main.o
 .debug_macro   0x00000000000246b3      0x450 ./Core/Src/main.o
 .debug_macro   0x0000000000024b03      0x15a ./Core/Src/main.o
 .debug_macro   0x0000000000024c5d       0xea ./Core/Src/main.o
 .debug_macro   0x0000000000024d47       0x1c ./Core/Src/main.o
 .debug_macro   0x0000000000024d63       0x26 ./Core/Src/main.o
 .debug_macro   0x0000000000024d89      0x3d0 ./Core/Src/main.o
 .debug_macro   0x0000000000025159       0xb5 ./Core/Src/main.o
 .debug_macro   0x000000000002520e      0x120 ./Core/Src/main.o
 .debug_macro   0x000000000002532e      0x27a ./Core/Src/stm32g4xx_hal_msp.o
 .debug_macro   0x00000000000255a8       0x58 ./Core/Src/stm32g4xx_hal_msp.o
 .debug_macro   0x0000000000025600      0x1ba ./Core/Src/stm32g4xx_hal_timebase_tim.o
 .debug_macro   0x00000000000257ba      0x1d3 ./Core/Src/stm32g4xx_it.o
 .debug_macro   0x000000000002598d      0x1ba ./Core/Src/system_stm32g4xx.o
 .debug_macro   0x0000000000025b47      0x208 ./Drivers/STM32G4xx_HAL_Driver/Src/stm32g4xx_hal.o
 .debug_macro   0x0000000000025d4f      0x1ba ./Drivers/STM32G4xx_HAL_Driver/Src/stm32g4xx_hal_cortex.o
 .debug_macro   0x0000000000025f09      0x1c1 ./Drivers/STM32G4xx_HAL_Driver/Src/stm32g4xx_hal_gpio.o
 .debug_macro   0x00000000000260ca      0x1e4 ./Drivers/STM32G4xx_HAL_Driver/Src/stm32g4xx_hal_pwr_ex.o
 .debug_macro   0x00000000000262ae      0x1fc ./Drivers/STM32G4xx_HAL_Driver/Src/stm32g4xx_hal_rcc.o
 .debug_macro   0x00000000000264aa      0x1c2 ./Drivers/STM32G4xx_HAL_Driver/Src/stm32g4xx_hal_tim.o
 .debug_macro   0x000000000002666c      0x1c0 ./Drivers/STM32G4xx_HAL_Driver/Src/stm32g4xx_hal_tim_ex.o
 .debug_macro   0x000000000002682c      0x1f4 ./ThirdParty/FreeRTOS/list.o
 .debug_macro   0x0000000000026a20      0x2e1 ./ThirdParty/FreeRTOS/tasks.o
 .debug_macro   0x0000000000026d01       0x10 ./ThirdParty/FreeRTOS/tasks.o
 .debug_macro   0x0000000000026d11      0x1f7 ./ThirdParty/FreeRTOS/portable/GCC/ARM_CM4F/port.o
 .debug_macro   0x0000000000026f08      0x20f ./ThirdParty/FreeRTOS/portable/MemMang/heap_4.o
 .debug_macro   0x0000000000027117      0x137 ./ThirdParty/SEGGER/Config/SEGGER_SYSVIEW_Config_FreeRTOS.o
 .debug_macro   0x000000000002724e      0x203 ./ThirdParty/SEGGER/OS/SEGGER_SYSVIEW_FreeRTOS.o
 .debug_macro   0x0000000000027451      0x1bd ./ThirdParty/SEGGER/SEGGER/SEGGER_RTT.o
 .debug_macro   0x000000000002760e       0x34 ./ThirdParty/SEGGER/SEGGER/SEGGER_RTT.o
 .debug_macro   0x0000000000027642      0x138 ./ThirdParty/SEGGER/SEGGER/SEGGER_RTT.o
 .debug_macro   0x000000000002777a      0x212 ./ThirdParty/SEGGER/SEGGER/SEGGER_SYSVIEW.o
 .debug_macro   0x000000000002798c      0x204 ./ThirdParty/SEGGER/SEGGER/SEGGER_SYSVIEW.o
 .debug_macro   0x0000000000027b90      0x16e ./ThirdParty/SEGGER/SEGGER/SEGGER_SYSVIEW.o

.debug_line     0x0000000000000000    0x15048
 .debug_line    0x0000000000000000      0xd6f ./Core/Src/main.o
 .debug_line    0x0000000000000d6f      0xa65 ./Core/Src/stm32g4xx_hal_msp.o
 .debug_line    0x00000000000017d4      0x78d ./Core/Src/stm32g4xx_hal_timebase_tim.o
 .debug_line    0x0000000000001f61      0x7d7 ./Core/Src/stm32g4xx_it.o
 .debug_line    0x0000000000002738      0x78c ./Core/Src/system_stm32g4xx.o
 .debug_line    0x0000000000002ec4       0x7b ./Core/Startup/startup_stm32g474retx.o
 .debug_line    0x0000000000002f3f      0xb03 ./Drivers/STM32G4xx_HAL_Driver/Src/stm32g4xx_hal.o
 .debug_line    0x0000000000003a42      0xcb6 ./Drivers/STM32G4xx_HAL_Driver/Src/stm32g4xx_hal_cortex.o
 .debug_line    0x00000000000046f8      0xb46 ./Drivers/STM32G4xx_HAL_Driver/Src/stm32g4xx_hal_gpio.o
 .debug_line    0x000000000000523e      0xcba ./Drivers/STM32G4xx_HAL_Driver/Src/stm32g4xx_hal_pwr_ex.o
 .debug_line    0x0000000000005ef8      0xf16 ./Drivers/STM32G4xx_HAL_Driver/Src/stm32g4xx_hal_rcc.o
 .debug_line    0x0000000000006e0e     0x3f34 ./Drivers/STM32G4xx_HAL_Driver/Src/stm32g4xx_hal_tim.o
 .debug_line    0x000000000000ad42     0x2157 ./Drivers/STM32G4xx_HAL_Driver/Src/stm32g4xx_hal_tim_ex.o
 .debug_line    0x000000000000ce99      0x9b2 ./ThirdParty/FreeRTOS/list.o
 .debug_line    0x000000000000d84b     0x1f2e ./ThirdParty/FreeRTOS/tasks.o
 .debug_line    0x000000000000f779      0xb2b ./ThirdParty/FreeRTOS/portable/GCC/ARM_CM4F/port.o
 .debug_line    0x00000000000102a4      0xbfa ./ThirdParty/FreeRTOS/portable/MemMang/heap_4.o
 .debug_line    0x0000000000010e9e      0x78e ./ThirdParty/SEGGER/Config/SEGGER_SYSVIEW_Config_FreeRTOS.o
 .debug_line    0x000000000001162c      0xa87 ./ThirdParty/SEGGER/OS/SEGGER_SYSVIEW_FreeRTOS.o
 .debug_line    0x00000000000120b3      0xf1d ./ThirdParty/SEGGER/SEGGER/SEGGER_RTT.o
 .debug_line    0x0000000000012fd0       0x86 ./ThirdParty/SEGGER/SEGGER/SEGGER_RTT_ASM_ARMv7M.o
 .debug_line    0x0000000000013056     0x1ff2 ./ThirdParty/SEGGER/SEGGER/SEGGER_SYSVIEW.o

.debug_str      0x0000000000000000   0x1022dd
 .debug_str     0x0000000000000000    0xfa5ba ./Core/Src/main.o
                                      0xfa9bc (size before relaxing)
 .debug_str     0x00000000000fa5ba       0x61 ./Core/Src/stm32g4xx_hal_msp.o
                                      0xf4839 (size before relaxing)
 .debug_str     0x00000000000fa61b       0xf7 ./Core/Src/stm32g4xx_hal_timebase_tim.o
                                      0xee36c (size before relaxing)
 .debug_str     0x00000000000fa712       0xe7 ./Core/Src/stm32g4xx_it.o
                                      0xedca0 (size before relaxing)
 .debug_str     0x00000000000fa7f9       0xdb ./Core/Src/system_stm32g4xx.o
                                      0xed668 (size before relaxing)
 .debug_str     0x00000000000fa8d4       0x34 ./Core/Startup/startup_stm32g474retx.o
                                         0x7a (size before relaxing)
 .debug_str     0x00000000000fa908      0x582 ./Drivers/STM32G4xx_HAL_Driver/Src/stm32g4xx_hal.o
                                      0xee353 (size before relaxing)
 .debug_str     0x00000000000fae8a      0x331 ./Drivers/STM32G4xx_HAL_Driver/Src/stm32g4xx_hal_cortex.o
                                      0xedffe (size before relaxing)
 .debug_str     0x00000000000fb1bb      0x11f ./Drivers/STM32G4xx_HAL_Driver/Src/stm32g4xx_hal_gpio.o
                                      0xed7f3 (size before relaxing)
 .debug_str     0x00000000000fb2da      0x4a5 ./Drivers/STM32G4xx_HAL_Driver/Src/stm32g4xx_hal_pwr_ex.o
                                      0xedb56 (size before relaxing)
 .debug_str     0x00000000000fb77f      0x4d0 ./Drivers/STM32G4xx_HAL_Driver/Src/stm32g4xx_hal_rcc.o
                                      0xedd87 (size before relaxing)
 .debug_str     0x00000000000fbc4f      0xf98 ./Drivers/STM32G4xx_HAL_Driver/Src/stm32g4xx_hal_tim.o
                                      0xeeb56 (size before relaxing)
 .debug_str     0x00000000000fcbe7      0x995 ./Drivers/STM32G4xx_HAL_Driver/Src/stm32g4xx_hal_tim_ex.o
                                      0xee7da (size before relaxing)
 .debug_str     0x00000000000fd57c      0x265 ./ThirdParty/FreeRTOS/list.o
                                       0xebfc (size before relaxing)
 .debug_str     0x00000000000fd7e1     0x1fa8 ./ThirdParty/FreeRTOS/tasks.o
                                      0x11f01 (size before relaxing)
 .debug_str     0x00000000000ff789      0x7ca ./ThirdParty/FreeRTOS/portable/GCC/ARM_CM4F/port.o
                                       0xd437 (size before relaxing)
 .debug_str     0x00000000000fff53      0x319 ./ThirdParty/FreeRTOS/portable/MemMang/heap_4.o
                                      0x100c5 (size before relaxing)
 .debug_str     0x000000000010026c      0x1c8 ./ThirdParty/SEGGER/Config/SEGGER_SYSVIEW_Config_FreeRTOS.o
                                       0xb2c7 (size before relaxing)
 .debug_str     0x0000000000100434       0xf6 ./ThirdParty/SEGGER/OS/SEGGER_SYSVIEW_FreeRTOS.o
                                       0xfe3d (size before relaxing)
 .debug_str     0x000000000010052a     0x1055 ./ThirdParty/SEGGER/SEGGER/SEGGER_RTT.o
                                       0x7ba4 (size before relaxing)
 .debug_str     0x000000000010157f       0x34 ./ThirdParty/SEGGER/SEGGER/SEGGER_RTT_ASM_ARMv7M.o
                                         0x86 (size before relaxing)
 .debug_str     0x00000000001015b3      0xd2a ./ThirdParty/SEGGER/SEGGER/SEGGER_SYSVIEW.o
                                       0x9bc6 (size before relaxing)

.debug_frame    0x0000000000000000     0x50a0
 .debug_frame   0x0000000000000000      0x114 ./Core/Src/main.o
 .debug_frame   0x0000000000000114       0x34 ./Core/Src/stm32g4xx_hal_msp.o
 .debug_frame   0x0000000000000148       0x74 ./Core/Src/stm32g4xx_hal_timebase_tim.o
 .debug_frame   0x00000000000001bc       0xe0 ./Core/Src/stm32g4xx_it.o
 .debug_frame   0x000000000000029c       0x58 ./Core/Src/system_stm32g4xx.o
 .debug_frame   0x00000000000002f4      0x4a0 ./Drivers/STM32G4xx_HAL_Driver/Src/stm32g4xx_hal.o
 .debug_frame   0x0000000000000794      0x498 ./Drivers/STM32G4xx_HAL_Driver/Src/stm32g4xx_hal_cortex.o
 .debug_frame   0x0000000000000c2c      0x14c ./Drivers/STM32G4xx_HAL_Driver/Src/stm32g4xx_hal_gpio.o
 .debug_frame   0x0000000000000d78      0x4fc ./Drivers/STM32G4xx_HAL_Driver/Src/stm32g4xx_hal_pwr_ex.o
 .debug_frame   0x0000000000001274      0x23c ./Drivers/STM32G4xx_HAL_Driver/Src/stm32g4xx_hal_rcc.o
 .debug_frame   0x00000000000014b0     0x1220 ./Drivers/STM32G4xx_HAL_Driver/Src/stm32g4xx_hal_tim.o
 .debug_frame   0x00000000000026d0      0xa70 ./Drivers/STM32G4xx_HAL_Driver/Src/stm32g4xx_hal_tim_ex.o
 .debug_frame   0x0000000000003140       0xd8 ./ThirdParty/FreeRTOS/list.o
 .debug_frame   0x0000000000003218      0x8b0 ./ThirdParty/FreeRTOS/tasks.o
 .debug_frame   0x0000000000003ac8      0x1d0 ./ThirdParty/FreeRTOS/portable/GCC/ARM_CM4F/port.o
 .debug_frame   0x0000000000003c98      0x12c ./ThirdParty/FreeRTOS/portable/MemMang/heap_4.o
 .debug_frame   0x0000000000003dc4       0x48 ./ThirdParty/SEGGER/Config/SEGGER_SYSVIEW_Config_FreeRTOS.o
 .debug_frame   0x0000000000003e0c      0x104 ./ThirdParty/SEGGER/OS/SEGGER_SYSVIEW_FreeRTOS.o
 .debug_frame   0x0000000000003f10      0x530 ./ThirdParty/SEGGER/SEGGER/SEGGER_RTT.o
 .debug_frame   0x0000000000004440      0xbc4 ./ThirdParty/SEGGER/SEGGER/SEGGER_SYSVIEW.o
 .debug_frame   0x0000000000005004       0x28 F:/STM32CubeIDE_1.13.1/STM32CubeIDE/plugins/com.st.stm32cube.ide.mcu.externaltools.gnu-tools-for-stm32.11.3.rel1.win32_1.1.0.202305231506/tools/bin/../lib/gcc/arm-none-eabi/11.3.1/../../../../arm-none-eabi/lib/thumb/v7e-m+fp/hard\libc_nano.a(libc_a-memcmp.o)
 .debug_frame   0x000000000000502c       0x20 F:/STM32CubeIDE_1.13.1/STM32CubeIDE/plugins/com.st.stm32cube.ide.mcu.externaltools.gnu-tools-for-stm32.11.3.rel1.win32_1.1.0.202305231506/tools/bin/../lib/gcc/arm-none-eabi/11.3.1/../../../../arm-none-eabi/lib/thumb/v7e-m+fp/hard\libc_nano.a(libc_a-memset.o)
 .debug_frame   0x000000000000504c       0x2c F:/STM32CubeIDE_1.13.1/STM32CubeIDE/plugins/com.st.stm32cube.ide.mcu.externaltools.gnu-tools-for-stm32.11.3.rel1.win32_1.1.0.202305231506/tools/bin/../lib/gcc/arm-none-eabi/11.3.1/../../../../arm-none-eabi/lib/thumb/v7e-m+fp/hard\libc_nano.a(libc_a-init.o)
 .debug_frame   0x0000000000005078       0x28 F:/STM32CubeIDE_1.13.1/STM32CubeIDE/plugins/com.st.stm32cube.ide.mcu.externaltools.gnu-tools-for-stm32.11.3.rel1.win32_1.1.0.202305231506/tools/bin/../lib/gcc/arm-none-eabi/11.3.1/../../../../arm-none-eabi/lib/thumb/v7e-m+fp/hard\libc_nano.a(libc_a-memcpy-stub.o)

.debug_line_str
                0x0000000000000000       0xa2
 .debug_line_str
                0x0000000000000000       0x6e ./Core/Startup/startup_stm32g474retx.o
                                         0x86 (size before relaxing)
 .debug_line_str
                0x000000000000006e       0x34 ./ThirdParty/SEGGER/SEGGER/SEGGER_RTT_ASM_ARMv7M.o
                                         0x92 (size before relaxing)
